Archive member included because of file (symbol)

c:/altera/13.0/nios2eds/bin/gnu/h-i686-mingw32/bin/../lib/gcc/nios2-elf/4.1.2/mno-hw-mul\libgcc.a(lib2-divmod.o)
                              obj/default/count_binary.o (__divsi3)
c:/altera/13.0/nios2eds/bin/gnu/h-i686-mingw32/bin/../lib/gcc/nios2-elf/4.1.2/../../../../nios2-elf/lib/mno-hw-mul\libsmallc.a(lib_a-printf.o)
                              obj/default/count_binary.o (printf)
c:/altera/13.0/nios2eds/bin/gnu/h-i686-mingw32/bin/../lib/gcc/nios2-elf/4.1.2/../../../../nios2-elf/lib/mno-hw-mul\libsmallc.a(lib_a-putchar.o)
                              obj/default/count_binary.o (putchar)
c:/altera/13.0/nios2eds/bin/gnu/h-i686-mingw32/bin/../lib/gcc/nios2-elf/4.1.2/../../../../nios2-elf/lib/mno-hw-mul\libsmallc.a(lib_a-puts.o)
                              obj/default/count_binary.o (puts)
c:/altera/13.0/nios2eds/bin/gnu/h-i686-mingw32/bin/../lib/gcc/nios2-elf/4.1.2/../../../../nios2-elf/lib/mno-hw-mul\libsmallc.a(lib_a-strlen.o)
                              c:/altera/13.0/nios2eds/bin/gnu/h-i686-mingw32/bin/../lib/gcc/nios2-elf/4.1.2/../../../../nios2-elf/lib/mno-hw-mul\libsmallc.a(lib_a-puts.o) (strlen)
c:/altera/13.0/nios2eds/bin/gnu/h-i686-mingw32/bin/../lib/gcc/nios2-elf/4.1.2/../../../../nios2-elf/lib/mno-hw-mul\libsmallc.a(lib_a-vfprintf.o)
                              c:/altera/13.0/nios2eds/bin/gnu/h-i686-mingw32/bin/../lib/gcc/nios2-elf/4.1.2/../../../../nios2-elf/lib/mno-hw-mul\libsmallc.a(lib_a-printf.o) (___vfprintf_internal_r)
c:/altera/13.0/nios2eds/bin/gnu/h-i686-mingw32/bin/../lib/gcc/nios2-elf/4.1.2/../../../../nios2-elf/lib/mno-hw-mul\libsmallc.a(lib_a-fvwrite_small_dev.o)
                              c:/altera/13.0/nios2eds/bin/gnu/h-i686-mingw32/bin/../lib/gcc/nios2-elf/4.1.2/../../../../nios2-elf/lib/mno-hw-mul\libsmallc.a(lib_a-printf.o) (__sfvwrite_small_dev)
c:/altera/13.0/nios2eds/bin/gnu/h-i686-mingw32/bin/../lib/gcc/nios2-elf/4.1.2/../../../../nios2-elf/lib/mno-hw-mul\libsmallc.a(lib_a-impure.o)
                              c:/altera/13.0/nios2eds/bin/gnu/h-i686-mingw32/bin/../lib/gcc/nios2-elf/4.1.2/../../../../nios2-elf/lib/mno-hw-mul\libsmallc.a(lib_a-printf.o) (_impure_ptr)
c:/altera/13.0/nios2eds/bin/gnu/h-i686-mingw32/bin/../lib/gcc/nios2-elf/4.1.2/../../../../nios2-elf/lib/mno-hw-mul\libsmallc.a(lib_a-putc.o)
                              c:/altera/13.0/nios2eds/bin/gnu/h-i686-mingw32/bin/../lib/gcc/nios2-elf/4.1.2/../../../../nios2-elf/lib/mno-hw-mul\libsmallc.a(lib_a-putchar.o) (_putc_r)
c:/altera/13.0/nios2eds/bin/gnu/h-i686-mingw32/bin/../lib/gcc/nios2-elf/4.1.2/../../../../nios2-elf/lib/mno-hw-mul\libsmallc.a(lib_a-writer.o)
                              c:/altera/13.0/nios2eds/bin/gnu/h-i686-mingw32/bin/../lib/gcc/nios2-elf/4.1.2/../../../../nios2-elf/lib/mno-hw-mul\libsmallc.a(lib_a-fvwrite_small_dev.o) (_write_r)
c:/altera/13.0/nios2eds/bin/gnu/h-i686-mingw32/bin/../lib/gcc/nios2-elf/4.1.2/../../../../nios2-elf/lib/mno-hw-mul\libsmallc.a(lib_a-int_errno.o)
                              c:/altera/13.0/nios2eds/bin/gnu/h-i686-mingw32/bin/../lib/gcc/nios2-elf/4.1.2/../../../../nios2-elf/lib/mno-hw-mul\libsmallc.a(lib_a-writer.o) (errno)
c:/altera/13.0/nios2eds/bin/gnu/h-i686-mingw32/bin/../lib/gcc/nios2-elf/4.1.2/mno-hw-mul\libgcc.a(lib2-mul.o)
                              c:/altera/13.0/nios2eds/bin/gnu/h-i686-mingw32/bin/../lib/gcc/nios2-elf/4.1.2/../../../../nios2-elf/lib/mno-hw-mul\libsmallc.a(lib_a-vfprintf.o) (__mulsi3)
../count_binary_bsp/\libhal_bsp.a(alt_load.o)
                              ../count_binary_bsp//obj/HAL/src/crt0.o (alt_load)
../count_binary_bsp/\libhal_bsp.a(alt_main.o)
                              ../count_binary_bsp//obj/HAL/src/crt0.o (alt_main)
../count_binary_bsp/\libhal_bsp.a(alt_usleep.o)
                              obj/default/count_binary.o (usleep)
../count_binary_bsp/\libhal_bsp.a(alt_write.o)
                              c:/altera/13.0/nios2eds/bin/gnu/h-i686-mingw32/bin/../lib/gcc/nios2-elf/4.1.2/../../../../nios2-elf/lib/mno-hw-mul\libsmallc.a(lib_a-writer.o) (write)
../count_binary_bsp/\libhal_bsp.a(alt_sys_init.o)
                              ../count_binary_bsp/\libhal_bsp.a(alt_main.o) (alt_irq_init)
../count_binary_bsp/\libhal_bsp.a(altera_avalon_jtag_uart_fd.o)
                              ../count_binary_bsp/\libhal_bsp.a(alt_sys_init.o) (altera_avalon_jtag_uart_read_fd)
../count_binary_bsp/\libhal_bsp.a(altera_avalon_jtag_uart_read.o)
                              ../count_binary_bsp/\libhal_bsp.a(altera_avalon_jtag_uart_fd.o) (altera_avalon_jtag_uart_read)
../count_binary_bsp/\libhal_bsp.a(altera_avalon_jtag_uart_write.o)
                              ../count_binary_bsp/\libhal_bsp.a(altera_avalon_jtag_uart_fd.o) (altera_avalon_jtag_uart_write)
../count_binary_bsp/\libhal_bsp.a(altera_avalon_timer_sc.o)
                              ../count_binary_bsp/\libhal_bsp.a(alt_sys_init.o) (alt_avalon_timer_sc_init)
../count_binary_bsp/\libhal_bsp.a(alt_busy_sleep.o)
                              ../count_binary_bsp/\libhal_bsp.a(alt_usleep.o) (alt_busy_sleep)
../count_binary_bsp/\libhal_bsp.a(alt_close.o)
                              ../count_binary_bsp/\libhal_bsp.a(alt_main.o) (close)
../count_binary_bsp/\libhal_bsp.a(alt_dcache_flush_all.o)
                              ../count_binary_bsp/\libhal_bsp.a(alt_load.o) (alt_dcache_flush_all)
../count_binary_bsp/\libhal_bsp.a(alt_dev.o)
                              ../count_binary_bsp/\libhal_bsp.a(alt_sys_init.o) (alt_dev_list)
../count_binary_bsp/\libhal_bsp.a(alt_dev_llist_insert.o)
                              ../count_binary_bsp/\libhal_bsp.a(alt_sys_init.o) (alt_dev_llist_insert)
../count_binary_bsp/\libhal_bsp.a(alt_errno.o)
                              ../count_binary_bsp/\libhal_bsp.a(alt_write.o) (alt_errno)
../count_binary_bsp/\libhal_bsp.a(alt_icache_flush_all.o)
                              ../count_binary_bsp/\libhal_bsp.a(alt_load.o) (alt_icache_flush_all)
../count_binary_bsp/\libhal_bsp.a(alt_iic.o)
                              ../count_binary_bsp/\libhal_bsp.a(altera_avalon_timer_sc.o) (alt_ic_isr_register)
../count_binary_bsp/\libhal_bsp.a(alt_iic_isr_register.o)
                              ../count_binary_bsp/\libhal_bsp.a(alt_iic.o) (alt_iic_isr_register)
../count_binary_bsp/\libhal_bsp.a(alt_io_redirect.o)
                              ../count_binary_bsp/\libhal_bsp.a(alt_main.o) (alt_io_redirect)
../count_binary_bsp/\libhal_bsp.a(alt_irq_entry.o)
                              ../count_binary_bsp/\libhal_bsp.a(alt_iic_isr_register.o) (alt_irq_entry)
../count_binary_bsp/\libhal_bsp.a(alt_irq_handler.o)
                              ../count_binary_bsp/\libhal_bsp.a(alt_iic_isr_register.o) (alt_irq_handler)
../count_binary_bsp/\libhal_bsp.a(alt_irq_vars.o)
                              ../count_binary_bsp/\libhal_bsp.a(alt_iic.o) (alt_irq_active)
../count_binary_bsp/\libhal_bsp.a(alt_open.o)
                              ../count_binary_bsp/\libhal_bsp.a(alt_io_redirect.o) (open)
../count_binary_bsp/\libhal_bsp.a(alt_release_fd.o)
                              ../count_binary_bsp/\libhal_bsp.a(alt_close.o) (alt_release_fd)
../count_binary_bsp/\libhal_bsp.a(alt_tick.o)
                              ../count_binary_bsp/\libhal_bsp.a(altera_avalon_timer_sc.o) (_alt_tick_rate)
../count_binary_bsp/\libhal_bsp.a(altera_nios2_qsys_irq.o)
                              ../count_binary_bsp/\libhal_bsp.a(alt_sys_init.o) (altera_nios2_qsys_irq_init)
../count_binary_bsp/\libhal_bsp.a(alt_exception_entry.o)
                              ../count_binary_bsp/\libhal_bsp.a(alt_irq_entry.o) (alt_exception)
../count_binary_bsp/\libhal_bsp.a(alt_find_dev.o)
                              ../count_binary_bsp/\libhal_bsp.a(alt_open.o) (alt_find_dev)
../count_binary_bsp/\libhal_bsp.a(alt_find_file.o)
                              ../count_binary_bsp/\libhal_bsp.a(alt_open.o) (alt_find_file)
../count_binary_bsp/\libhal_bsp.a(alt_get_fd.o)
                              ../count_binary_bsp/\libhal_bsp.a(alt_open.o) (alt_get_fd)
../count_binary_bsp/\libhal_bsp.a(alt_icache_flush.o)
                              ../count_binary_bsp/\libhal_bsp.a(alt_icache_flush_all.o) (alt_icache_flush)
c:/altera/13.0/nios2eds/bin/gnu/h-i686-mingw32/bin/../lib/gcc/nios2-elf/4.1.2/../../../../nios2-elf/lib/mno-hw-mul\libsmallc.a(lib_a-exit.o)
                              ../count_binary_bsp/\libhal_bsp.a(alt_main.o) (exit)
c:/altera/13.0/nios2eds/bin/gnu/h-i686-mingw32/bin/../lib/gcc/nios2-elf/4.1.2/../../../../nios2-elf/lib/mno-hw-mul\libsmallc.a(lib_a-memcmp.o)
                              ../count_binary_bsp/\libhal_bsp.a(alt_find_dev.o) (memcmp)
c:/altera/13.0/nios2eds/bin/gnu/h-i686-mingw32/bin/../lib/gcc/nios2-elf/4.1.2/../../../../nios2-elf/lib/mno-hw-mul\libsmallc.a(lib_a-__call_atexit.o)
                              c:/altera/13.0/nios2eds/bin/gnu/h-i686-mingw32/bin/../lib/gcc/nios2-elf/4.1.2/../../../../nios2-elf/lib/mno-hw-mul\libsmallc.a(lib_a-exit.o) (__call_exitprocs)
../count_binary_bsp/\libhal_bsp.a(alt_exit.o)
                              c:/altera/13.0/nios2eds/bin/gnu/h-i686-mingw32/bin/../lib/gcc/nios2-elf/4.1.2/../../../../nios2-elf/lib/mno-hw-mul\libsmallc.a(lib_a-exit.o) (_exit)

Allocating common symbols
Common symbol       size              file

alt_irq             0x100             ../count_binary_bsp/\libhal_bsp.a(alt_irq_handler.o)
edge_capture        0x4               obj/default/count_binary.o
errno               0x4               c:/altera/13.0/nios2eds/bin/gnu/h-i686-mingw32/bin/../lib/gcc/nios2-elf/4.1.2/../../../../nios2-elf/lib/mno-hw-mul\libsmallc.a(lib_a-int_errno.o)

Memory Configuration

Name             Origin             Length             Attributes
reset            0x00800000         0x00000020
sdram            0x00800020         0x007fffe0
onchip_memory2_0 0x01010000         0x0000c000
*default*        0x00000000         0xffffffff

Linker script and memory map

LOAD ../count_binary_bsp//obj/HAL/src/crt0.o
LOAD obj/default/count_binary.o
LOAD c:/altera/13.0/nios2eds/bin/gnu/h-i686-mingw32/bin/../lib/gcc/nios2-elf/4.1.2/../../../../nios2-elf/lib/mno-hw-mul\libstdc++.a
LOAD c:/altera/13.0/nios2eds/bin/gnu/h-i686-mingw32/bin/../lib/gcc/nios2-elf/4.1.2/../../../../nios2-elf/lib/mno-hw-mul\libm.a
LOAD c:/altera/13.0/nios2eds/bin/gnu/h-i686-mingw32/bin/../lib/gcc/nios2-elf/4.1.2/mno-hw-mul\libgcc.a
START GROUP
LOAD c:/altera/13.0/nios2eds/bin/gnu/h-i686-mingw32/bin/../lib/gcc/nios2-elf/4.1.2/../../../../nios2-elf/lib/mno-hw-mul\libsmallc.a
LOAD c:/altera/13.0/nios2eds/bin/gnu/h-i686-mingw32/bin/../lib/gcc/nios2-elf/4.1.2/mno-hw-mul\libgcc.a
LOAD ../count_binary_bsp/\libhal_bsp.a
END GROUP
LOAD c:/altera/13.0/nios2eds/bin/gnu/h-i686-mingw32/bin/../lib/gcc/nios2-elf/4.1.2/mno-hw-mul\libgcc.a
                0x00800000                __alt_mem_sdram = 0x800000
                0x01010000                __alt_mem_onchip_memory2_0 = 0x1010000

.entry          0x00800000       0x20
 *(.entry)
 .entry         0x00800000       0x20 ../count_binary_bsp//obj/HAL/src/crt0.o
                0x00800000                __reset

.exceptions     0x00800020      0x194
                0x00800020                PROVIDE (__ram_exceptions_start, ABSOLUTE (.))
                0x00800020                . = ALIGN (0x20)
 *(.irq)
 *(.exceptions.entry.label)
 .exceptions.entry.label
                0x00800020        0x0 ../count_binary_bsp/\libhal_bsp.a(alt_irq_entry.o)
                0x00800020                alt_irq_entry
 .exceptions.entry.label
                0x00800020        0x0 ../count_binary_bsp/\libhal_bsp.a(alt_exception_entry.o)
                0x00800020                alt_exception
 *(.exceptions.entry.user)
 *(.exceptions.entry)
 .exceptions.entry
                0x00800020       0x54 ../count_binary_bsp/\libhal_bsp.a(alt_exception_entry.o)
 *(.exceptions.irqtest.user)
 *(.exceptions.irqtest)
 .exceptions.irqtest
                0x00800074       0x10 ../count_binary_bsp/\libhal_bsp.a(alt_irq_entry.o)
 *(.exceptions.irqhandler.user)
 *(.exceptions.irqhandler)
 .exceptions.irqhandler
                0x00800084        0x4 ../count_binary_bsp/\libhal_bsp.a(alt_irq_entry.o)
 *(.exceptions.irqreturn.user)
 *(.exceptions.irqreturn)
 .exceptions.irqreturn
                0x00800088        0x4 ../count_binary_bsp/\libhal_bsp.a(alt_irq_entry.o)
 *(.exceptions.notirq.label)
 .exceptions.notirq.label
                0x0080008c        0x0 ../count_binary_bsp/\libhal_bsp.a(alt_irq_entry.o)
 *(.exceptions.notirq.user)
 *(.exceptions.notirq)
 .exceptions.notirq
                0x0080008c        0x8 ../count_binary_bsp/\libhal_bsp.a(alt_exception_entry.o)
 *(.exceptions.soft.user)
 *(.exceptions.soft)
 *(.exceptions.unknown.user)
 *(.exceptions.unknown)
 .exceptions.unknown
                0x00800094        0x4 ../count_binary_bsp/\libhal_bsp.a(alt_exception_entry.o)
 *(.exceptions.exit.label)
 .exceptions.exit.label
                0x00800098        0x0 ../count_binary_bsp/\libhal_bsp.a(alt_irq_entry.o)
 .exceptions.exit.label
                0x00800098        0x0 ../count_binary_bsp/\libhal_bsp.a(alt_exception_entry.o)
 *(.exceptions.exit.user)
 *(.exceptions.exit)
 .exceptions.exit
                0x00800098       0x54 ../count_binary_bsp/\libhal_bsp.a(alt_exception_entry.o)
 *(.exceptions)
 .exceptions    0x008000ec       0xc8 ../count_binary_bsp/\libhal_bsp.a(alt_irq_handler.o)
                0x008000ec                alt_irq_handler
                0x008001b4                PROVIDE (__ram_exceptions_end, ABSOLUTE (.))
                0x00800020                PROVIDE (__flash_exceptions_start, LOADADDR (.exceptions))

.text           0x01010000     0x2a54
                0x01010000                PROVIDE (stext, ABSOLUTE (.))
 *(.interp)
 *(.hash)
 *(.dynsym)
 *(.dynstr)
 *(.gnu.version)
 *(.gnu.version_d)
 *(.gnu.version_r)
 *(.rel.init)
 *(.rela.init)
 *(.rel.text .rel.text.* .rel.gnu.linkonce.t.*)
 *(.rela.text .rela.text.* .rela.gnu.linkonce.t.*)
 *(.rel.fini)
 *(.rela.fini)
 *(.rel.rodata .rel.rodata.* .rel.gnu.linkonce.r.*)
 *(.rela.rodata .rela.rodata.* .rela.gnu.linkonce.r.*)
 *(.rel.data .rel.data.* .rel.gnu.linkonce.d.*)
 *(.rela.data .rela.data.* .rela.gnu.linkonce.d.*)
 *(.rel.tdata .rel.tdata.* .rel.gnu.linkonce.td.*)
 *(.rela.tdata .rela.tdata.* .rela.gnu.linkonce.td.*)
 *(.rel.tbss .rel.tbss.* .rel.gnu.linkonce.tb.*)
 *(.rela.tbss .rela.tbss.* .rela.gnu.linkonce.tb.*)
 *(.rel.ctors)
 *(.rela.ctors)
 *(.rel.dtors)
 *(.rela.dtors)
 *(.rel.got)
 *(.rela.got)
 *(.rel.sdata .rel.sdata.* .rel.gnu.linkonce.s.*)
 *(.rela.sdata .rela.sdata.* .rela.gnu.linkonce.s.*)
 *(.rel.sbss .rel.sbss.* .rel.gnu.linkonce.sb.*)
 *(.rela.sbss .rela.sbss.* .rela.gnu.linkonce.sb.*)
 *(.rel.sdata2 .rel.sdata2.* .rel.gnu.linkonce.s2.*)
 *(.rela.sdata2 .rela.sdata2.* .rela.gnu.linkonce.s2.*)
 *(.rel.sbss2 .rel.sbss2.* .rel.gnu.linkonce.sb2.*)
 *(.rela.sbss2 .rela.sbss2.* .rela.gnu.linkonce.sb2.*)
 *(.rel.bss .rel.bss.* .rel.gnu.linkonce.b.*)
 *(.rela.bss .rela.bss.* .rela.gnu.linkonce.b.*)
 *(.rel.plt)
 *(.rela.plt)
 *(.rel.dyn)
 *(.init)
 *(.plt)
 *(.text .stub .text.* .gnu.linkonce.t.*)
 .text          0x01010000       0x3c ../count_binary_bsp//obj/HAL/src/crt0.o
                0x01010000                _start
 .text          0x0101003c      0x39c obj/default/count_binary.o
                0x010102d0                main
 .text          0x010103d8      0x14c c:/altera/13.0/nios2eds/bin/gnu/h-i686-mingw32/bin/../lib/gcc/nios2-elf/4.1.2/mno-hw-mul\libgcc.a(lib2-divmod.o)
                0x01010454                __divsi3
                0x010104b4                __modsi3
                0x01010514                __udivsi3
                0x0101051c                __umodsi3
 .text          0x01010524       0x98 c:/altera/13.0/nios2eds/bin/gnu/h-i686-mingw32/bin/../lib/gcc/nios2-elf/4.1.2/../../../../nios2-elf/lib/mno-hw-mul\libsmallc.a(lib_a-printf.o)
                0x01010524                printf
                0x01010578                _printf_r
 .text          0x010105bc       0x24 c:/altera/13.0/nios2eds/bin/gnu/h-i686-mingw32/bin/../lib/gcc/nios2-elf/4.1.2/../../../../nios2-elf/lib/mno-hw-mul\libsmallc.a(lib_a-putchar.o)
                0x010105bc                putchar
                0x010105d8                _putchar_r
 .text          0x010105e0       0xa4 c:/altera/13.0/nios2eds/bin/gnu/h-i686-mingw32/bin/../lib/gcc/nios2-elf/4.1.2/../../../../nios2-elf/lib/mno-hw-mul\libsmallc.a(lib_a-puts.o)
                0x010105e0                _puts_r
                0x01010670                puts
 .text          0x01010684       0x20 c:/altera/13.0/nios2eds/bin/gnu/h-i686-mingw32/bin/../lib/gcc/nios2-elf/4.1.2/../../../../nios2-elf/lib/mno-hw-mul\libsmallc.a(lib_a-strlen.o)
                0x01010684                strlen
 .text          0x010106a4      0x740 c:/altera/13.0/nios2eds/bin/gnu/h-i686-mingw32/bin/../lib/gcc/nios2-elf/4.1.2/../../../../nios2-elf/lib/mno-hw-mul\libsmallc.a(lib_a-vfprintf.o)
                0x01010724                ___vfprintf_internal_r
                0x01010dc0                __vfprintf_internal
 .text          0x01010de4       0xbc c:/altera/13.0/nios2eds/bin/gnu/h-i686-mingw32/bin/../lib/gcc/nios2-elf/4.1.2/../../../../nios2-elf/lib/mno-hw-mul\libsmallc.a(lib_a-fvwrite_small_dev.o)
                0x01010de4                __sfvwrite_small_dev
 .text          0x01010ea0        0x0 c:/altera/13.0/nios2eds/bin/gnu/h-i686-mingw32/bin/../lib/gcc/nios2-elf/4.1.2/../../../../nios2-elf/lib/mno-hw-mul\libsmallc.a(lib_a-impure.o)
 .text          0x01010ea0       0xe4 c:/altera/13.0/nios2eds/bin/gnu/h-i686-mingw32/bin/../lib/gcc/nios2-elf/4.1.2/../../../../nios2-elf/lib/mno-hw-mul\libsmallc.a(lib_a-putc.o)
                0x01010ea0                putc
                0x01010f10                _putc_r
 .text          0x01010f84       0x78 c:/altera/13.0/nios2eds/bin/gnu/h-i686-mingw32/bin/../lib/gcc/nios2-elf/4.1.2/../../../../nios2-elf/lib/mno-hw-mul\libsmallc.a(lib_a-writer.o)
                0x01010f84                _write_r
 .text          0x01010ffc        0x0 c:/altera/13.0/nios2eds/bin/gnu/h-i686-mingw32/bin/../lib/gcc/nios2-elf/4.1.2/../../../../nios2-elf/lib/mno-hw-mul\libsmallc.a(lib_a-int_errno.o)
 .text          0x01010ffc       0x38 c:/altera/13.0/nios2eds/bin/gnu/h-i686-mingw32/bin/../lib/gcc/nios2-elf/4.1.2/mno-hw-mul\libgcc.a(lib2-mul.o)
                0x01010ffc                __mulsi3
 .text          0x01011034       0xec ../count_binary_bsp/\libhal_bsp.a(alt_load.o)
                0x01011034                alt_load
 .text          0x01011120       0x5c ../count_binary_bsp/\libhal_bsp.a(alt_main.o)
                0x01011120                alt_main
 .text          0x0101117c       0x30 ../count_binary_bsp/\libhal_bsp.a(alt_usleep.o)
                0x0101117c                usleep
 .text          0x010111ac      0x184 ../count_binary_bsp/\libhal_bsp.a(alt_write.o)
                0x010111ac                write
 .text          0x01011330       0xb4 ../count_binary_bsp/\libhal_bsp.a(alt_sys_init.o)
                0x01011330                alt_irq_init
                0x01011364                alt_sys_init
 .text          0x010113e4       0xb0 ../count_binary_bsp/\libhal_bsp.a(altera_avalon_jtag_uart_fd.o)
                0x010113e4                altera_avalon_jtag_uart_read_fd
                0x0101143c                altera_avalon_jtag_uart_write_fd
 .text          0x01011494      0x104 ../count_binary_bsp/\libhal_bsp.a(altera_avalon_jtag_uart_read.o)
                0x01011494                altera_avalon_jtag_uart_read
 .text          0x01011598       0xa4 ../count_binary_bsp/\libhal_bsp.a(altera_avalon_jtag_uart_write.o)
                0x01011598                altera_avalon_jtag_uart_write
 .text          0x0101163c      0x100 ../count_binary_bsp/\libhal_bsp.a(altera_avalon_timer_sc.o)
                0x010116ac                alt_avalon_timer_sc_init
 .text          0x0101173c      0x15c ../count_binary_bsp/\libhal_bsp.a(alt_busy_sleep.o)
                0x0101173c                alt_busy_sleep
 .text          0x01011898      0x160 ../count_binary_bsp/\libhal_bsp.a(alt_close.o)
                0x01011898                close
 .text          0x010119f8       0x1c ../count_binary_bsp/\libhal_bsp.a(alt_dcache_flush_all.o)
                0x010119f8                alt_dcache_flush_all
 .text          0x01011a14       0x2c ../count_binary_bsp/\libhal_bsp.a(alt_dev.o)
 .text          0x01011a40      0x114 ../count_binary_bsp/\libhal_bsp.a(alt_dev_llist_insert.o)
                0x01011a40                alt_dev_llist_insert
 .text          0x01011b54        0x0 ../count_binary_bsp/\libhal_bsp.a(alt_errno.o)
 .text          0x01011b54       0x30 ../count_binary_bsp/\libhal_bsp.a(alt_icache_flush_all.o)
                0x01011b54                alt_icache_flush_all
 .text          0x01011b84      0x1d4 ../count_binary_bsp/\libhal_bsp.a(alt_iic.o)
                0x01011b84                alt_ic_isr_register
                0x01011bd4                alt_ic_irq_enable
                0x01011c70                alt_ic_irq_disable
                0x01011d10                alt_ic_irq_enabled
 .text          0x01011d58       0xf8 ../count_binary_bsp/\libhal_bsp.a(alt_iic_isr_register.o)
                0x01011d58                alt_iic_isr_register
 .text          0x01011e50      0x150 ../count_binary_bsp/\libhal_bsp.a(alt_io_redirect.o)
                0x01011f28                alt_io_redirect
 .text          0x01011fa0        0x0 ../count_binary_bsp/\libhal_bsp.a(alt_irq_entry.o)
 .text          0x01011fa0        0x0 ../count_binary_bsp/\libhal_bsp.a(alt_irq_handler.o)
 .text          0x01011fa0        0x0 ../count_binary_bsp/\libhal_bsp.a(alt_irq_vars.o)
 .text          0x01011fa0      0x2e4 ../count_binary_bsp/\libhal_bsp.a(alt_open.o)
                0x01012098                open
 .text          0x01012284       0x78 ../count_binary_bsp/\libhal_bsp.a(alt_release_fd.o)
                0x01012284                alt_release_fd
 .text          0x010122fc      0x1a4 ../count_binary_bsp/\libhal_bsp.a(alt_tick.o)
                0x010122fc                alt_alarm_stop
                0x01012394                alt_tick
 .text          0x010124a0       0x20 ../count_binary_bsp/\libhal_bsp.a(altera_nios2_qsys_irq.o)
                0x010124a0                altera_nios2_qsys_irq_init
 .text          0x010124c0        0x0 ../count_binary_bsp/\libhal_bsp.a(alt_exception_entry.o)
 .text          0x010124c0       0x94 ../count_binary_bsp/\libhal_bsp.a(alt_find_dev.o)
                0x010124c0                alt_find_dev
 .text          0x01012554      0x120 ../count_binary_bsp/\libhal_bsp.a(alt_find_file.o)
                0x01012554                alt_find_file
 .text          0x01012674       0xd0 ../count_binary_bsp/\libhal_bsp.a(alt_get_fd.o)
                0x01012674                alt_get_fd
 .text          0x01012744       0x90 ../count_binary_bsp/\libhal_bsp.a(alt_icache_flush.o)
                0x01012744                alt_icache_flush
 .text          0x010127d4       0x20 c:/altera/13.0/nios2eds/bin/gnu/h-i686-mingw32/bin/../lib/gcc/nios2-elf/4.1.2/../../../../nios2-elf/lib/mno-hw-mul\libsmallc.a(lib_a-exit.o)
                0x010127d4                exit
 .text          0x010127f4       0x3c c:/altera/13.0/nios2eds/bin/gnu/h-i686-mingw32/bin/../lib/gcc/nios2-elf/4.1.2/../../../../nios2-elf/lib/mno-hw-mul\libsmallc.a(lib_a-memcmp.o)
                0x010127f4                memcmp
 .text          0x01012830      0x1c0 c:/altera/13.0/nios2eds/bin/gnu/h-i686-mingw32/bin/../lib/gcc/nios2-elf/4.1.2/../../../../nios2-elf/lib/mno-hw-mul\libsmallc.a(lib_a-__call_atexit.o)
                0x01012834                __call_exitprocs
 .text          0x010129f0       0x60 ../count_binary_bsp/\libhal_bsp.a(alt_exit.o)
                0x01012a30                _exit
 *(.gnu.warning.*)
 *(.fini)
                0x01012a50                PROVIDE (__etext, ABSOLUTE (.))
                0x01012a50                PROVIDE (_etext, ABSOLUTE (.))
                0x01012a50                PROVIDE (etext, ABSOLUTE (.))
 *(.eh_frame_hdr)
                0x01012a50                . = ALIGN (0x4)
                0x01012a50                PROVIDE (__preinit_array_start, ABSOLUTE (.))
 *(.preinit_array)
                0x01012a50                PROVIDE (__preinit_array_end, ABSOLUTE (.))
                0x01012a50                PROVIDE (__init_array_start, ABSOLUTE (.))
 *(.init_array)
                0x01012a50                PROVIDE (__init_array_end, ABSOLUTE (.))
                0x01012a50                PROVIDE (__fini_array_start, ABSOLUTE (.))
 *(.fini_array)
                0x01012a50                PROVIDE (__fini_array_end, ABSOLUTE (.))
 *(.eh_frame)
 *(.gcc_except_table)
 *(.dynamic)
                0x01012a50                PROVIDE (__CTOR_LIST__, ABSOLUTE (.))
 *(.ctors)
 *(SORT(.ctors.*))
 .ctors.65535   0x01012a50        0x4 c:/altera/13.0/nios2eds/bin/gnu/h-i686-mingw32/bin/../lib/gcc/nios2-elf/4.1.2/../../../../nios2-elf/lib/mno-hw-mul\libsmallc.a(lib_a-__call_atexit.o)
                0x01012a54                PROVIDE (__CTOR_END__, ABSOLUTE (.))
                0x01012a54                PROVIDE (__DTOR_LIST__, ABSOLUTE (.))
 *(.dtors)
 *(SORT(.dtors.*))
                0x01012a54                PROVIDE (__DTOR_END__, ABSOLUTE (.))
 *(.jcr)
                0x01012a54                . = ALIGN (0x4)

.rodata         0x01012a54      0x110
                0x01012a54                PROVIDE (__ram_rodata_start, ABSOLUTE (.))
                0x01012a54                . = ALIGN (0x4)
 *(.rodata .rodata.* .gnu.linkonce.r.*)
 .rodata        0x01012a54       0xe0 obj/default/count_binary.o
 .rodata.str1.4
                0x01012b34        0x4 c:/altera/13.0/nios2eds/bin/gnu/h-i686-mingw32/bin/../lib/gcc/nios2-elf/4.1.2/../../../../nios2-elf/lib/mno-hw-mul\libsmallc.a(lib_a-puts.o)
 .rodata        0x01012b38       0x10 ../count_binary_bsp/\libhal_bsp.a(alt_main.o)
 .rodata        0x01012b48       0x10 ../count_binary_bsp/\libhal_bsp.a(alt_sys_init.o)
 .rodata        0x01012b58        0xc ../count_binary_bsp/\libhal_bsp.a(alt_dev.o)
 *(.rodata1)
                0x01012b64                . = ALIGN (0x4)
                0x01012b64                PROVIDE (__ram_rodata_end, ABSOLUTE (.))
                0x01012a54                PROVIDE (__flash_rodata_start, LOADADDR (.rodata))

.rwdata         0x01012b64      0x2e0 load address 0x01012e44
                0x01012b64                PROVIDE (__ram_rwdata_start, ABSOLUTE (.))
                0x01012b64                . = ALIGN (0x4)
 *(.got.plt)
 *(.got)
 *(.data1)
 *(.data .data.* .gnu.linkonce.d.*)
 .data          0x01012b64        0x0 ../count_binary_bsp//obj/HAL/src/crt0.o
 .data          0x01012b64        0x0 obj/default/count_binary.o
 .data          0x01012b64        0x0 c:/altera/13.0/nios2eds/bin/gnu/h-i686-mingw32/bin/../lib/gcc/nios2-elf/4.1.2/mno-hw-mul\libgcc.a(lib2-divmod.o)
 .data          0x01012b64        0x0 c:/altera/13.0/nios2eds/bin/gnu/h-i686-mingw32/bin/../lib/gcc/nios2-elf/4.1.2/../../../../nios2-elf/lib/mno-hw-mul\libsmallc.a(lib_a-printf.o)
 .data          0x01012b64        0x0 c:/altera/13.0/nios2eds/bin/gnu/h-i686-mingw32/bin/../lib/gcc/nios2-elf/4.1.2/../../../../nios2-elf/lib/mno-hw-mul\libsmallc.a(lib_a-putchar.o)
 .data          0x01012b64        0x0 c:/altera/13.0/nios2eds/bin/gnu/h-i686-mingw32/bin/../lib/gcc/nios2-elf/4.1.2/../../../../nios2-elf/lib/mno-hw-mul\libsmallc.a(lib_a-puts.o)
 .data          0x01012b64        0x0 c:/altera/13.0/nios2eds/bin/gnu/h-i686-mingw32/bin/../lib/gcc/nios2-elf/4.1.2/../../../../nios2-elf/lib/mno-hw-mul\libsmallc.a(lib_a-strlen.o)
 .data          0x01012b64        0x0 c:/altera/13.0/nios2eds/bin/gnu/h-i686-mingw32/bin/../lib/gcc/nios2-elf/4.1.2/../../../../nios2-elf/lib/mno-hw-mul\libsmallc.a(lib_a-vfprintf.o)
 .data          0x01012b64        0x0 c:/altera/13.0/nios2eds/bin/gnu/h-i686-mingw32/bin/../lib/gcc/nios2-elf/4.1.2/../../../../nios2-elf/lib/mno-hw-mul\libsmallc.a(lib_a-fvwrite_small_dev.o)
 .data          0x01012b64       0xe0 c:/altera/13.0/nios2eds/bin/gnu/h-i686-mingw32/bin/../lib/gcc/nios2-elf/4.1.2/../../../../nios2-elf/lib/mno-hw-mul\libsmallc.a(lib_a-impure.o)
 .data          0x01012c44        0x0 c:/altera/13.0/nios2eds/bin/gnu/h-i686-mingw32/bin/../lib/gcc/nios2-elf/4.1.2/../../../../nios2-elf/lib/mno-hw-mul\libsmallc.a(lib_a-putc.o)
 .data          0x01012c44        0x0 c:/altera/13.0/nios2eds/bin/gnu/h-i686-mingw32/bin/../lib/gcc/nios2-elf/4.1.2/../../../../nios2-elf/lib/mno-hw-mul\libsmallc.a(lib_a-writer.o)
 .data          0x01012c44        0x0 c:/altera/13.0/nios2eds/bin/gnu/h-i686-mingw32/bin/../lib/gcc/nios2-elf/4.1.2/../../../../nios2-elf/lib/mno-hw-mul\libsmallc.a(lib_a-int_errno.o)
 .data          0x01012c44        0x0 c:/altera/13.0/nios2eds/bin/gnu/h-i686-mingw32/bin/../lib/gcc/nios2-elf/4.1.2/mno-hw-mul\libgcc.a(lib2-mul.o)
 .data          0x01012c44        0x0 ../count_binary_bsp/\libhal_bsp.a(alt_load.o)
 .data          0x01012c44        0x0 ../count_binary_bsp/\libhal_bsp.a(alt_main.o)
 .data          0x01012c44        0x0 ../count_binary_bsp/\libhal_bsp.a(alt_usleep.o)
 .data          0x01012c44        0x0 ../count_binary_bsp/\libhal_bsp.a(alt_write.o)
 .data          0x01012c44       0x2c ../count_binary_bsp/\libhal_bsp.a(alt_sys_init.o)
 .data          0x01012c70        0x0 ../count_binary_bsp/\libhal_bsp.a(altera_avalon_jtag_uart_fd.o)
 .data          0x01012c70        0x0 ../count_binary_bsp/\libhal_bsp.a(altera_avalon_jtag_uart_read.o)
 .data          0x01012c70        0x0 ../count_binary_bsp/\libhal_bsp.a(altera_avalon_jtag_uart_write.o)
 .data          0x01012c70        0x0 ../count_binary_bsp/\libhal_bsp.a(altera_avalon_timer_sc.o)
 .data          0x01012c70        0x0 ../count_binary_bsp/\libhal_bsp.a(alt_busy_sleep.o)
 .data          0x01012c70        0x0 ../count_binary_bsp/\libhal_bsp.a(alt_close.o)
 .data          0x01012c70        0x0 ../count_binary_bsp/\libhal_bsp.a(alt_dcache_flush_all.o)
 .data          0x01012c70      0x1a8 ../count_binary_bsp/\libhal_bsp.a(alt_dev.o)
                0x01012c70                alt_dev_null
                0x01012c98                alt_fd_list
 .data          0x01012e18        0x0 ../count_binary_bsp/\libhal_bsp.a(alt_dev_llist_insert.o)
 .data          0x01012e18        0x0 ../count_binary_bsp/\libhal_bsp.a(alt_errno.o)
 .data          0x01012e18        0x0 ../count_binary_bsp/\libhal_bsp.a(alt_icache_flush_all.o)
 .data          0x01012e18        0x0 ../count_binary_bsp/\libhal_bsp.a(alt_iic.o)
 .data          0x01012e18        0x0 ../count_binary_bsp/\libhal_bsp.a(alt_iic_isr_register.o)
 .data          0x01012e18        0x0 ../count_binary_bsp/\libhal_bsp.a(alt_io_redirect.o)
 .data          0x01012e18        0x0 ../count_binary_bsp/\libhal_bsp.a(alt_irq_entry.o)
 .data          0x01012e18        0x0 ../count_binary_bsp/\libhal_bsp.a(alt_irq_handler.o)
 .data          0x01012e18        0x0 ../count_binary_bsp/\libhal_bsp.a(alt_irq_vars.o)
 .data          0x01012e18        0x0 ../count_binary_bsp/\libhal_bsp.a(alt_open.o)
 .data          0x01012e18        0x0 ../count_binary_bsp/\libhal_bsp.a(alt_release_fd.o)
 .data          0x01012e18        0x0 ../count_binary_bsp/\libhal_bsp.a(alt_tick.o)
 .data          0x01012e18        0x0 ../count_binary_bsp/\libhal_bsp.a(altera_nios2_qsys_irq.o)
 .data          0x01012e18        0x0 ../count_binary_bsp/\libhal_bsp.a(alt_exception_entry.o)
 .data          0x01012e18        0x0 ../count_binary_bsp/\libhal_bsp.a(alt_find_dev.o)
 .data          0x01012e18        0x0 ../count_binary_bsp/\libhal_bsp.a(alt_find_file.o)
 .data          0x01012e18        0x0 ../count_binary_bsp/\libhal_bsp.a(alt_get_fd.o)
 .data          0x01012e18        0x0 ../count_binary_bsp/\libhal_bsp.a(alt_icache_flush.o)
 .data          0x01012e18        0x0 c:/altera/13.0/nios2eds/bin/gnu/h-i686-mingw32/bin/../lib/gcc/nios2-elf/4.1.2/../../../../nios2-elf/lib/mno-hw-mul\libsmallc.a(lib_a-exit.o)
 .data          0x01012e18        0x0 c:/altera/13.0/nios2eds/bin/gnu/h-i686-mingw32/bin/../lib/gcc/nios2-elf/4.1.2/../../../../nios2-elf/lib/mno-hw-mul\libsmallc.a(lib_a-memcmp.o)
 .data          0x01012e18        0x0 c:/altera/13.0/nios2eds/bin/gnu/h-i686-mingw32/bin/../lib/gcc/nios2-elf/4.1.2/../../../../nios2-elf/lib/mno-hw-mul\libsmallc.a(lib_a-__call_atexit.o)
 .data          0x01012e18        0x0 ../count_binary_bsp/\libhal_bsp.a(alt_exit.o)
                0x0101ae18                _gp = ABSOLUTE ((. + 0x8000))
                0x0101ae18                PROVIDE (gp, _gp)
 *(.rwdata .rwdata.*)
 *(.sdata .sdata.* .gnu.linkonce.s.*)
 .sdata         0x01012e18        0x8 c:/altera/13.0/nios2eds/bin/gnu/h-i686-mingw32/bin/../lib/gcc/nios2-elf/4.1.2/../../../../nios2-elf/lib/mno-hw-mul\libsmallc.a(lib_a-impure.o)
                0x01012e18                _impure_ptr
                0x01012e1c                _global_impure_ptr
 .sdata         0x01012e20       0x14 ../count_binary_bsp/\libhal_bsp.a(alt_dev.o)
                0x01012e20                alt_fs_list
                0x01012e28                alt_dev_list
                0x01012e30                alt_max_fd
 .sdata         0x01012e34        0x4 ../count_binary_bsp/\libhal_bsp.a(alt_errno.o)
                0x01012e34                alt_errno
 .sdata         0x01012e38        0x4 ../count_binary_bsp/\libhal_bsp.a(alt_irq_vars.o)
                0x01012e38                alt_priority_mask
 .sdata         0x01012e3c        0x8 ../count_binary_bsp/\libhal_bsp.a(alt_tick.o)
                0x01012e3c                alt_alarm_list
 *(.sdata2 .sdata2.* .gnu.linkonce.s2.*)
                0x01012e44                . = ALIGN (0x4)
                0x01012e44                _edata = ABSOLUTE (.)
                0x01012e44                PROVIDE (edata, ABSOLUTE (.))
                0x01012e44                PROVIDE (__ram_rwdata_end, ABSOLUTE (.))
                0x01012e44                PROVIDE (__flash_rwdata_start, LOADADDR (.rwdata))

.bss            0x01013124      0x124
                0x01013124                __bss_start = ABSOLUTE (.)
                0x01013124                PROVIDE (__sbss_start, ABSOLUTE (.))
                0x01013124                PROVIDE (___sbss_start, ABSOLUTE (.))
 *(.dynsbss)
 *(.sbss .sbss.* .gnu.linkonce.sb.*)
 .sbss          0x01013124        0x1 obj/default/count_binary.o
 *fill*         0x01013125        0x3 00
 .sbss          0x01013128        0x4 obj/default/count_binary.o
                0x01013128                edge_capture
 .sbss          0x0101312c        0x4 c:/altera/13.0/nios2eds/bin/gnu/h-i686-mingw32/bin/../lib/gcc/nios2-elf/4.1.2/../../../../nios2-elf/lib/mno-hw-mul\libsmallc.a(lib_a-int_errno.o)
                0x0101312c                errno
 .sbss          0x01013130        0xc ../count_binary_bsp/\libhal_bsp.a(alt_main.o)
                0x01013130                alt_argc
                0x01013134                alt_argv
                0x01013138                alt_envp
 .sbss          0x0101313c        0x4 ../count_binary_bsp/\libhal_bsp.a(alt_irq_vars.o)
                0x0101313c                alt_irq_active
 .sbss          0x01013140        0x8 ../count_binary_bsp/\libhal_bsp.a(alt_tick.o)
                0x01013140                _alt_tick_rate
                0x01013144                _alt_nticks
 *(.sbss2 .sbss2.* .gnu.linkonce.sb2.*)
 *(.scommon)
                0x01013148                PROVIDE (__sbss_end, ABSOLUTE (.))
                0x01013148                PROVIDE (___sbss_end, ABSOLUTE (.))
 *(.dynbss)
 *(.bss .bss.* .gnu.linkonce.b.*)
 .bss           0x01013148        0x0 ../count_binary_bsp//obj/HAL/src/crt0.o
 .bss           0x01013148        0x0 obj/default/count_binary.o
 .bss           0x01013148        0x0 c:/altera/13.0/nios2eds/bin/gnu/h-i686-mingw32/bin/../lib/gcc/nios2-elf/4.1.2/mno-hw-mul\libgcc.a(lib2-divmod.o)
 .bss           0x01013148        0x0 c:/altera/13.0/nios2eds/bin/gnu/h-i686-mingw32/bin/../lib/gcc/nios2-elf/4.1.2/../../../../nios2-elf/lib/mno-hw-mul\libsmallc.a(lib_a-printf.o)
 .bss           0x01013148        0x0 c:/altera/13.0/nios2eds/bin/gnu/h-i686-mingw32/bin/../lib/gcc/nios2-elf/4.1.2/../../../../nios2-elf/lib/mno-hw-mul\libsmallc.a(lib_a-putchar.o)
 .bss           0x01013148        0x0 c:/altera/13.0/nios2eds/bin/gnu/h-i686-mingw32/bin/../lib/gcc/nios2-elf/4.1.2/../../../../nios2-elf/lib/mno-hw-mul\libsmallc.a(lib_a-puts.o)
 .bss           0x01013148        0x0 c:/altera/13.0/nios2eds/bin/gnu/h-i686-mingw32/bin/../lib/gcc/nios2-elf/4.1.2/../../../../nios2-elf/lib/mno-hw-mul\libsmallc.a(lib_a-strlen.o)
 .bss           0x01013148        0x0 c:/altera/13.0/nios2eds/bin/gnu/h-i686-mingw32/bin/../lib/gcc/nios2-elf/4.1.2/../../../../nios2-elf/lib/mno-hw-mul\libsmallc.a(lib_a-vfprintf.o)
 .bss           0x01013148        0x0 c:/altera/13.0/nios2eds/bin/gnu/h-i686-mingw32/bin/../lib/gcc/nios2-elf/4.1.2/../../../../nios2-elf/lib/mno-hw-mul\libsmallc.a(lib_a-fvwrite_small_dev.o)
 .bss           0x01013148        0x0 c:/altera/13.0/nios2eds/bin/gnu/h-i686-mingw32/bin/../lib/gcc/nios2-elf/4.1.2/../../../../nios2-elf/lib/mno-hw-mul\libsmallc.a(lib_a-impure.o)
 .bss           0x01013148        0x0 c:/altera/13.0/nios2eds/bin/gnu/h-i686-mingw32/bin/../lib/gcc/nios2-elf/4.1.2/../../../../nios2-elf/lib/mno-hw-mul\libsmallc.a(lib_a-putc.o)
 .bss           0x01013148        0x0 c:/altera/13.0/nios2eds/bin/gnu/h-i686-mingw32/bin/../lib/gcc/nios2-elf/4.1.2/../../../../nios2-elf/lib/mno-hw-mul\libsmallc.a(lib_a-writer.o)
 .bss           0x01013148        0x0 c:/altera/13.0/nios2eds/bin/gnu/h-i686-mingw32/bin/../lib/gcc/nios2-elf/4.1.2/../../../../nios2-elf/lib/mno-hw-mul\libsmallc.a(lib_a-int_errno.o)
 .bss           0x01013148        0x0 c:/altera/13.0/nios2eds/bin/gnu/h-i686-mingw32/bin/../lib/gcc/nios2-elf/4.1.2/mno-hw-mul\libgcc.a(lib2-mul.o)
 .bss           0x01013148        0x0 ../count_binary_bsp/\libhal_bsp.a(alt_load.o)
 .bss           0x01013148        0x0 ../count_binary_bsp/\libhal_bsp.a(alt_main.o)
 .bss           0x01013148        0x0 ../count_binary_bsp/\libhal_bsp.a(alt_usleep.o)
 .bss           0x01013148        0x0 ../count_binary_bsp/\libhal_bsp.a(alt_write.o)
 .bss           0x01013148        0x0 ../count_binary_bsp/\libhal_bsp.a(alt_sys_init.o)
 .bss           0x01013148        0x0 ../count_binary_bsp/\libhal_bsp.a(altera_avalon_jtag_uart_fd.o)
 .bss           0x01013148        0x0 ../count_binary_bsp/\libhal_bsp.a(altera_avalon_jtag_uart_read.o)
 .bss           0x01013148        0x0 ../count_binary_bsp/\libhal_bsp.a(altera_avalon_jtag_uart_write.o)
 .bss           0x01013148        0x0 ../count_binary_bsp/\libhal_bsp.a(altera_avalon_timer_sc.o)
 .bss           0x01013148        0x0 ../count_binary_bsp/\libhal_bsp.a(alt_busy_sleep.o)
 .bss           0x01013148        0x0 ../count_binary_bsp/\libhal_bsp.a(alt_close.o)
 .bss           0x01013148        0x0 ../count_binary_bsp/\libhal_bsp.a(alt_dcache_flush_all.o)
 .bss           0x01013148        0x0 ../count_binary_bsp/\libhal_bsp.a(alt_dev.o)
 .bss           0x01013148        0x0 ../count_binary_bsp/\libhal_bsp.a(alt_dev_llist_insert.o)
 .bss           0x01013148        0x0 ../count_binary_bsp/\libhal_bsp.a(alt_errno.o)
 .bss           0x01013148        0x0 ../count_binary_bsp/\libhal_bsp.a(alt_icache_flush_all.o)
 .bss           0x01013148        0x0 ../count_binary_bsp/\libhal_bsp.a(alt_iic.o)
 .bss           0x01013148        0x0 ../count_binary_bsp/\libhal_bsp.a(alt_iic_isr_register.o)
 .bss           0x01013148        0x0 ../count_binary_bsp/\libhal_bsp.a(alt_io_redirect.o)
 .bss           0x01013148        0x0 ../count_binary_bsp/\libhal_bsp.a(alt_irq_entry.o)
 .bss           0x01013148        0x0 ../count_binary_bsp/\libhal_bsp.a(alt_irq_handler.o)
 .bss           0x01013148        0x0 ../count_binary_bsp/\libhal_bsp.a(alt_irq_vars.o)
 .bss           0x01013148        0x0 ../count_binary_bsp/\libhal_bsp.a(alt_open.o)
 .bss           0x01013148        0x0 ../count_binary_bsp/\libhal_bsp.a(alt_release_fd.o)
 .bss           0x01013148        0x0 ../count_binary_bsp/\libhal_bsp.a(alt_tick.o)
 .bss           0x01013148        0x0 ../count_binary_bsp/\libhal_bsp.a(altera_nios2_qsys_irq.o)
 .bss           0x01013148        0x0 ../count_binary_bsp/\libhal_bsp.a(alt_exception_entry.o)
 .bss           0x01013148        0x0 ../count_binary_bsp/\libhal_bsp.a(alt_find_dev.o)
 .bss           0x01013148        0x0 ../count_binary_bsp/\libhal_bsp.a(alt_find_file.o)
 .bss           0x01013148        0x0 ../count_binary_bsp/\libhal_bsp.a(alt_get_fd.o)
 .bss           0x01013148        0x0 ../count_binary_bsp/\libhal_bsp.a(alt_icache_flush.o)
 .bss           0x01013148        0x0 c:/altera/13.0/nios2eds/bin/gnu/h-i686-mingw32/bin/../lib/gcc/nios2-elf/4.1.2/../../../../nios2-elf/lib/mno-hw-mul\libsmallc.a(lib_a-exit.o)
 .bss           0x01013148        0x0 c:/altera/13.0/nios2eds/bin/gnu/h-i686-mingw32/bin/../lib/gcc/nios2-elf/4.1.2/../../../../nios2-elf/lib/mno-hw-mul\libsmallc.a(lib_a-memcmp.o)
 .bss           0x01013148        0x0 c:/altera/13.0/nios2eds/bin/gnu/h-i686-mingw32/bin/../lib/gcc/nios2-elf/4.1.2/../../../../nios2-elf/lib/mno-hw-mul\libsmallc.a(lib_a-__call_atexit.o)
 .bss           0x01013148        0x0 ../count_binary_bsp/\libhal_bsp.a(alt_exit.o)
 *(COMMON)
 COMMON         0x01013148      0x100 ../count_binary_bsp/\libhal_bsp.a(alt_irq_handler.o)
                0x01013148                alt_irq
                0x01013248                . = ALIGN (0x4)
                0x01013248                __bss_end = ABSOLUTE (.)

.sdram          0x008001b4        0x0 load address 0x01013248
                0x008001b4                PROVIDE (_alt_partition_sdram_start, ABSOLUTE (.))
 *(.sdram. sdram.*)
                0x008001b4                . = ALIGN (0x4)
                0x008001b4                PROVIDE (_alt_partition_sdram_end, ABSOLUTE (.))
                0x01013248                PROVIDE (_alt_partition_sdram_load_addr, LOADADDR (.sdram))

.onchip_memory2_0
                0x01013248        0x0
                0x01013248                PROVIDE (_alt_partition_onchip_memory2_0_start, ABSOLUTE (.))
 *(.onchip_memory2_0. onchip_memory2_0.*)
                0x01013248                . = ALIGN (0x4)
                0x01013248                PROVIDE (_alt_partition_onchip_memory2_0_end, ABSOLUTE (.))
                0x01013248                _end = ABSOLUTE (.)
                0x01013248                end = ABSOLUTE (.)
                0x01013248                __alt_stack_base = ABSOLUTE (.)
                0x01013248                PROVIDE (_alt_partition_onchip_memory2_0_load_addr, LOADADDR (.onchip_memory2_0))

.stab
 *(.stab)

.stabstr
 *(.stabstr)

.stab.excl
 *(.stab.excl)

.stab.exclstr
 *(.stab.exclstr)

.stab.index
 *(.stab.index)

.stab.indexstr
 *(.stab.indexstr)

.comment        0x00000000       0x23
 *(.comment)
 .comment       0x00000000       0x23 obj/default/count_binary.o
                                 0x24 (size before relaxing)
 .comment       0x00000000       0x24 c:/altera/13.0/nios2eds/bin/gnu/h-i686-mingw32/bin/../lib/gcc/nios2-elf/4.1.2/mno-hw-mul\libgcc.a(lib2-divmod.o)
 .comment       0x00000000       0x24 c:/altera/13.0/nios2eds/bin/gnu/h-i686-mingw32/bin/../lib/gcc/nios2-elf/4.1.2/../../../../nios2-elf/lib/mno-hw-mul\libsmallc.a(lib_a-printf.o)
 .comment       0x00000000       0x24 c:/altera/13.0/nios2eds/bin/gnu/h-i686-mingw32/bin/../lib/gcc/nios2-elf/4.1.2/../../../../nios2-elf/lib/mno-hw-mul\libsmallc.a(lib_a-putchar.o)
 .comment       0x00000000       0x24 c:/altera/13.0/nios2eds/bin/gnu/h-i686-mingw32/bin/../lib/gcc/nios2-elf/4.1.2/../../../../nios2-elf/lib/mno-hw-mul\libsmallc.a(lib_a-puts.o)
 .comment       0x00000000       0x24 c:/altera/13.0/nios2eds/bin/gnu/h-i686-mingw32/bin/../lib/gcc/nios2-elf/4.1.2/../../../../nios2-elf/lib/mno-hw-mul\libsmallc.a(lib_a-strlen.o)
 .comment       0x00000000       0x24 c:/altera/13.0/nios2eds/bin/gnu/h-i686-mingw32/bin/../lib/gcc/nios2-elf/4.1.2/../../../../nios2-elf/lib/mno-hw-mul\libsmallc.a(lib_a-vfprintf.o)
 .comment       0x00000000       0x24 c:/altera/13.0/nios2eds/bin/gnu/h-i686-mingw32/bin/../lib/gcc/nios2-elf/4.1.2/../../../../nios2-elf/lib/mno-hw-mul\libsmallc.a(lib_a-fvwrite_small_dev.o)
 .comment       0x00000000       0x24 c:/altera/13.0/nios2eds/bin/gnu/h-i686-mingw32/bin/../lib/gcc/nios2-elf/4.1.2/../../../../nios2-elf/lib/mno-hw-mul\libsmallc.a(lib_a-impure.o)
 .comment       0x00000000       0x24 c:/altera/13.0/nios2eds/bin/gnu/h-i686-mingw32/bin/../lib/gcc/nios2-elf/4.1.2/../../../../nios2-elf/lib/mno-hw-mul\libsmallc.a(lib_a-putc.o)
 .comment       0x00000000       0x24 c:/altera/13.0/nios2eds/bin/gnu/h-i686-mingw32/bin/../lib/gcc/nios2-elf/4.1.2/../../../../nios2-elf/lib/mno-hw-mul\libsmallc.a(lib_a-writer.o)
 .comment       0x00000000       0x24 c:/altera/13.0/nios2eds/bin/gnu/h-i686-mingw32/bin/../lib/gcc/nios2-elf/4.1.2/../../../../nios2-elf/lib/mno-hw-mul\libsmallc.a(lib_a-int_errno.o)
 .comment       0x00000000       0x24 c:/altera/13.0/nios2eds/bin/gnu/h-i686-mingw32/bin/../lib/gcc/nios2-elf/4.1.2/mno-hw-mul\libgcc.a(lib2-mul.o)
 .comment       0x00000000       0x24 ../count_binary_bsp/\libhal_bsp.a(alt_load.o)
 .comment       0x00000000       0x24 ../count_binary_bsp/\libhal_bsp.a(alt_main.o)
 .comment       0x00000000       0x24 ../count_binary_bsp/\libhal_bsp.a(alt_usleep.o)
 .comment       0x00000000       0x24 ../count_binary_bsp/\libhal_bsp.a(alt_write.o)
 .comment       0x00000000       0x24 ../count_binary_bsp/\libhal_bsp.a(alt_sys_init.o)
 .comment       0x00000000       0x24 ../count_binary_bsp/\libhal_bsp.a(altera_avalon_jtag_uart_fd.o)
 .comment       0x00000000       0x24 ../count_binary_bsp/\libhal_bsp.a(altera_avalon_jtag_uart_read.o)
 .comment       0x00000000       0x24 ../count_binary_bsp/\libhal_bsp.a(altera_avalon_jtag_uart_write.o)
 .comment       0x00000000       0x24 ../count_binary_bsp/\libhal_bsp.a(altera_avalon_timer_sc.o)
 .comment       0x00000000       0x24 ../count_binary_bsp/\libhal_bsp.a(alt_busy_sleep.o)
 .comment       0x00000000       0x24 ../count_binary_bsp/\libhal_bsp.a(alt_close.o)
 .comment       0x00000000       0x24 ../count_binary_bsp/\libhal_bsp.a(alt_dcache_flush_all.o)
 .comment       0x00000000       0x24 ../count_binary_bsp/\libhal_bsp.a(alt_dev.o)
 .comment       0x00000000       0x24 ../count_binary_bsp/\libhal_bsp.a(alt_dev_llist_insert.o)
 .comment       0x00000000       0x24 ../count_binary_bsp/\libhal_bsp.a(alt_errno.o)
 .comment       0x00000000       0x24 ../count_binary_bsp/\libhal_bsp.a(alt_icache_flush_all.o)
 .comment       0x00000000       0x24 ../count_binary_bsp/\libhal_bsp.a(alt_iic.o)
 .comment       0x00000000       0x24 ../count_binary_bsp/\libhal_bsp.a(alt_iic_isr_register.o)
 .comment       0x00000000       0x24 ../count_binary_bsp/\libhal_bsp.a(alt_io_redirect.o)
 .comment       0x00000000       0x24 ../count_binary_bsp/\libhal_bsp.a(alt_irq_handler.o)
 .comment       0x00000000       0x24 ../count_binary_bsp/\libhal_bsp.a(alt_irq_vars.o)
 .comment       0x00000000       0x24 ../count_binary_bsp/\libhal_bsp.a(alt_open.o)
 .comment       0x00000000       0x24 ../count_binary_bsp/\libhal_bsp.a(alt_release_fd.o)
 .comment       0x00000000       0x24 ../count_binary_bsp/\libhal_bsp.a(alt_tick.o)
 .comment       0x00000000       0x24 ../count_binary_bsp/\libhal_bsp.a(altera_nios2_qsys_irq.o)
 .comment       0x00000000       0x24 ../count_binary_bsp/\libhal_bsp.a(alt_find_dev.o)
 .comment       0x00000000       0x24 ../count_binary_bsp/\libhal_bsp.a(alt_find_file.o)
 .comment       0x00000000       0x24 ../count_binary_bsp/\libhal_bsp.a(alt_get_fd.o)
 .comment       0x00000000       0x24 ../count_binary_bsp/\libhal_bsp.a(alt_icache_flush.o)
 .comment       0x00000000       0x24 c:/altera/13.0/nios2eds/bin/gnu/h-i686-mingw32/bin/../lib/gcc/nios2-elf/4.1.2/../../../../nios2-elf/lib/mno-hw-mul\libsmallc.a(lib_a-exit.o)
 .comment       0x00000000       0x24 c:/altera/13.0/nios2eds/bin/gnu/h-i686-mingw32/bin/../lib/gcc/nios2-elf/4.1.2/../../../../nios2-elf/lib/mno-hw-mul\libsmallc.a(lib_a-memcmp.o)
 .comment       0x00000000       0x24 c:/altera/13.0/nios2eds/bin/gnu/h-i686-mingw32/bin/../lib/gcc/nios2-elf/4.1.2/../../../../nios2-elf/lib/mno-hw-mul\libsmallc.a(lib_a-__call_atexit.o)
 .comment       0x00000000       0x24 ../count_binary_bsp/\libhal_bsp.a(alt_exit.o)

.debug
 *(.debug)

.line
 *(.line)

.debug_srcinfo
 *(.debug_srcinfo)

.debug_sfnames
 *(.debug_sfnames)

.debug_aranges  0x00000000      0x5d8
 *(.debug_aranges)
 .debug_aranges
                0x00000000       0x28 ../count_binary_bsp//obj/HAL/src/crt0.o
 .debug_aranges
                0x00000028       0x20 obj/default/count_binary.o
 .debug_aranges
                0x00000048       0x20 c:/altera/13.0/nios2eds/bin/gnu/h-i686-mingw32/bin/../lib/gcc/nios2-elf/4.1.2/mno-hw-mul\libgcc.a(lib2-divmod.o)
 .debug_aranges
                0x00000068       0x20 c:/altera/13.0/nios2eds/bin/gnu/h-i686-mingw32/bin/../lib/gcc/nios2-elf/4.1.2/../../../../nios2-elf/lib/mno-hw-mul\libsmallc.a(lib_a-printf.o)
 .debug_aranges
                0x00000088       0x20 c:/altera/13.0/nios2eds/bin/gnu/h-i686-mingw32/bin/../lib/gcc/nios2-elf/4.1.2/../../../../nios2-elf/lib/mno-hw-mul\libsmallc.a(lib_a-putchar.o)
 .debug_aranges
                0x000000a8       0x20 c:/altera/13.0/nios2eds/bin/gnu/h-i686-mingw32/bin/../lib/gcc/nios2-elf/4.1.2/../../../../nios2-elf/lib/mno-hw-mul\libsmallc.a(lib_a-puts.o)
 .debug_aranges
                0x000000c8       0x20 c:/altera/13.0/nios2eds/bin/gnu/h-i686-mingw32/bin/../lib/gcc/nios2-elf/4.1.2/../../../../nios2-elf/lib/mno-hw-mul\libsmallc.a(lib_a-strlen.o)
 .debug_aranges
                0x000000e8       0x20 c:/altera/13.0/nios2eds/bin/gnu/h-i686-mingw32/bin/../lib/gcc/nios2-elf/4.1.2/../../../../nios2-elf/lib/mno-hw-mul\libsmallc.a(lib_a-vfprintf.o)
 .debug_aranges
                0x00000108       0x20 c:/altera/13.0/nios2eds/bin/gnu/h-i686-mingw32/bin/../lib/gcc/nios2-elf/4.1.2/../../../../nios2-elf/lib/mno-hw-mul\libsmallc.a(lib_a-fvwrite_small_dev.o)
 .debug_aranges
                0x00000128       0x20 c:/altera/13.0/nios2eds/bin/gnu/h-i686-mingw32/bin/../lib/gcc/nios2-elf/4.1.2/../../../../nios2-elf/lib/mno-hw-mul\libsmallc.a(lib_a-putc.o)
 .debug_aranges
                0x00000148       0x20 c:/altera/13.0/nios2eds/bin/gnu/h-i686-mingw32/bin/../lib/gcc/nios2-elf/4.1.2/../../../../nios2-elf/lib/mno-hw-mul\libsmallc.a(lib_a-writer.o)
 .debug_aranges
                0x00000168       0x20 c:/altera/13.0/nios2eds/bin/gnu/h-i686-mingw32/bin/../lib/gcc/nios2-elf/4.1.2/mno-hw-mul\libgcc.a(lib2-mul.o)
 .debug_aranges
                0x00000188       0x20 ../count_binary_bsp/\libhal_bsp.a(alt_load.o)
 .debug_aranges
                0x000001a8       0x20 ../count_binary_bsp/\libhal_bsp.a(alt_main.o)
 .debug_aranges
                0x000001c8       0x20 ../count_binary_bsp/\libhal_bsp.a(alt_usleep.o)
 .debug_aranges
                0x000001e8       0x20 ../count_binary_bsp/\libhal_bsp.a(alt_write.o)
 .debug_aranges
                0x00000208       0x20 ../count_binary_bsp/\libhal_bsp.a(alt_sys_init.o)
 .debug_aranges
                0x00000228       0x20 ../count_binary_bsp/\libhal_bsp.a(altera_avalon_jtag_uart_fd.o)
 .debug_aranges
                0x00000248       0x20 ../count_binary_bsp/\libhal_bsp.a(altera_avalon_jtag_uart_read.o)
 .debug_aranges
                0x00000268       0x20 ../count_binary_bsp/\libhal_bsp.a(altera_avalon_jtag_uart_write.o)
 .debug_aranges
                0x00000288       0x20 ../count_binary_bsp/\libhal_bsp.a(altera_avalon_timer_sc.o)
 .debug_aranges
                0x000002a8       0x20 ../count_binary_bsp/\libhal_bsp.a(alt_busy_sleep.o)
 .debug_aranges
                0x000002c8       0x20 ../count_binary_bsp/\libhal_bsp.a(alt_close.o)
 .debug_aranges
                0x000002e8       0x20 ../count_binary_bsp/\libhal_bsp.a(alt_dcache_flush_all.o)
 .debug_aranges
                0x00000308       0x20 ../count_binary_bsp/\libhal_bsp.a(alt_dev.o)
 .debug_aranges
                0x00000328       0x20 ../count_binary_bsp/\libhal_bsp.a(alt_dev_llist_insert.o)
 .debug_aranges
                0x00000348       0x20 ../count_binary_bsp/\libhal_bsp.a(alt_icache_flush_all.o)
 .debug_aranges
                0x00000368       0x20 ../count_binary_bsp/\libhal_bsp.a(alt_iic.o)
 .debug_aranges
                0x00000388       0x20 ../count_binary_bsp/\libhal_bsp.a(alt_iic_isr_register.o)
 .debug_aranges
                0x000003a8       0x20 ../count_binary_bsp/\libhal_bsp.a(alt_io_redirect.o)
 .debug_aranges
                0x000003c8       0x30 ../count_binary_bsp/\libhal_bsp.a(alt_irq_entry.o)
 .debug_aranges
                0x000003f8       0x28 ../count_binary_bsp/\libhal_bsp.a(alt_irq_handler.o)
 .debug_aranges
                0x00000420       0x20 ../count_binary_bsp/\libhal_bsp.a(alt_open.o)
 .debug_aranges
                0x00000440       0x20 ../count_binary_bsp/\libhal_bsp.a(alt_release_fd.o)
 .debug_aranges
                0x00000460       0x20 ../count_binary_bsp/\libhal_bsp.a(alt_tick.o)
 .debug_aranges
                0x00000480       0x20 ../count_binary_bsp/\libhal_bsp.a(altera_nios2_qsys_irq.o)
 .debug_aranges
                0x000004a0       0x38 ../count_binary_bsp/\libhal_bsp.a(alt_exception_entry.o)
 .debug_aranges
                0x000004d8       0x20 ../count_binary_bsp/\libhal_bsp.a(alt_find_dev.o)
 .debug_aranges
                0x000004f8       0x20 ../count_binary_bsp/\libhal_bsp.a(alt_find_file.o)
 .debug_aranges
                0x00000518       0x20 ../count_binary_bsp/\libhal_bsp.a(alt_get_fd.o)
 .debug_aranges
                0x00000538       0x20 ../count_binary_bsp/\libhal_bsp.a(alt_icache_flush.o)
 .debug_aranges
                0x00000558       0x20 c:/altera/13.0/nios2eds/bin/gnu/h-i686-mingw32/bin/../lib/gcc/nios2-elf/4.1.2/../../../../nios2-elf/lib/mno-hw-mul\libsmallc.a(lib_a-exit.o)
 .debug_aranges
                0x00000578       0x20 c:/altera/13.0/nios2eds/bin/gnu/h-i686-mingw32/bin/../lib/gcc/nios2-elf/4.1.2/../../../../nios2-elf/lib/mno-hw-mul\libsmallc.a(lib_a-memcmp.o)
 .debug_aranges
                0x00000598       0x20 c:/altera/13.0/nios2eds/bin/gnu/h-i686-mingw32/bin/../lib/gcc/nios2-elf/4.1.2/../../../../nios2-elf/lib/mno-hw-mul\libsmallc.a(lib_a-__call_atexit.o)
 .debug_aranges
                0x000005b8       0x20 ../count_binary_bsp/\libhal_bsp.a(alt_exit.o)

.debug_pubnames
                0x00000000      0x851
 *(.debug_pubnames)
 .debug_pubnames
                0x00000000       0x2c obj/default/count_binary.o
 .debug_pubnames
                0x0000002c       0x48 c:/altera/13.0/nios2eds/bin/gnu/h-i686-mingw32/bin/../lib/gcc/nios2-elf/4.1.2/mno-hw-mul\libgcc.a(lib2-divmod.o)
 .debug_pubnames
                0x00000074       0x2b c:/altera/13.0/nios2eds/bin/gnu/h-i686-mingw32/bin/../lib/gcc/nios2-elf/4.1.2/../../../../nios2-elf/lib/mno-hw-mul\libsmallc.a(lib_a-printf.o)
 .debug_pubnames
                0x0000009f       0x2d c:/altera/13.0/nios2eds/bin/gnu/h-i686-mingw32/bin/../lib/gcc/nios2-elf/4.1.2/../../../../nios2-elf/lib/mno-hw-mul\libsmallc.a(lib_a-putchar.o)
 .debug_pubnames
                0x000000cc       0x27 c:/altera/13.0/nios2eds/bin/gnu/h-i686-mingw32/bin/../lib/gcc/nios2-elf/4.1.2/../../../../nios2-elf/lib/mno-hw-mul\libsmallc.a(lib_a-puts.o)
 .debug_pubnames
                0x000000f3       0x1d c:/altera/13.0/nios2eds/bin/gnu/h-i686-mingw32/bin/../lib/gcc/nios2-elf/4.1.2/../../../../nios2-elf/lib/mno-hw-mul\libsmallc.a(lib_a-strlen.o)
 .debug_pubnames
                0x00000110       0x45 c:/altera/13.0/nios2eds/bin/gnu/h-i686-mingw32/bin/../lib/gcc/nios2-elf/4.1.2/../../../../nios2-elf/lib/mno-hw-mul\libsmallc.a(lib_a-vfprintf.o)
 .debug_pubnames
                0x00000155       0x2b c:/altera/13.0/nios2eds/bin/gnu/h-i686-mingw32/bin/../lib/gcc/nios2-elf/4.1.2/../../../../nios2-elf/lib/mno-hw-mul\libsmallc.a(lib_a-fvwrite_small_dev.o)
 .debug_pubnames
                0x00000180       0x39 c:/altera/13.0/nios2eds/bin/gnu/h-i686-mingw32/bin/../lib/gcc/nios2-elf/4.1.2/../../../../nios2-elf/lib/mno-hw-mul\libsmallc.a(lib_a-impure.o)
 .debug_pubnames
                0x000001b9       0x27 c:/altera/13.0/nios2eds/bin/gnu/h-i686-mingw32/bin/../lib/gcc/nios2-elf/4.1.2/../../../../nios2-elf/lib/mno-hw-mul\libsmallc.a(lib_a-putc.o)
 .debug_pubnames
                0x000001e0       0x1f c:/altera/13.0/nios2eds/bin/gnu/h-i686-mingw32/bin/../lib/gcc/nios2-elf/4.1.2/../../../../nios2-elf/lib/mno-hw-mul\libsmallc.a(lib_a-writer.o)
 .debug_pubnames
                0x000001ff       0x1c c:/altera/13.0/nios2eds/bin/gnu/h-i686-mingw32/bin/../lib/gcc/nios2-elf/4.1.2/../../../../nios2-elf/lib/mno-hw-mul\libsmallc.a(lib_a-int_errno.o)
 .debug_pubnames
                0x0000021b       0x1f c:/altera/13.0/nios2eds/bin/gnu/h-i686-mingw32/bin/../lib/gcc/nios2-elf/4.1.2/mno-hw-mul\libgcc.a(lib2-mul.o)
 .debug_pubnames
                0x0000023a       0x1f ../count_binary_bsp/\libhal_bsp.a(alt_load.o)
 .debug_pubnames
                0x00000259       0x46 ../count_binary_bsp/\libhal_bsp.a(alt_main.o)
 .debug_pubnames
                0x0000029f       0x1d ../count_binary_bsp/\libhal_bsp.a(alt_usleep.o)
 .debug_pubnames
                0x000002bc       0x1c ../count_binary_bsp/\libhal_bsp.a(alt_write.o)
 .debug_pubnames
                0x000002d8       0x34 ../count_binary_bsp/\libhal_bsp.a(alt_sys_init.o)
 .debug_pubnames
                0x0000030c       0x5b ../count_binary_bsp/\libhal_bsp.a(altera_avalon_jtag_uart_fd.o)
 .debug_pubnames
                0x00000367       0x33 ../count_binary_bsp/\libhal_bsp.a(altera_avalon_jtag_uart_read.o)
 .debug_pubnames
                0x0000039a       0x34 ../count_binary_bsp/\libhal_bsp.a(altera_avalon_jtag_uart_write.o)
 .debug_pubnames
                0x000003ce       0x2f ../count_binary_bsp/\libhal_bsp.a(altera_avalon_timer_sc.o)
 .debug_pubnames
                0x000003fd       0x25 ../count_binary_bsp/\libhal_bsp.a(alt_busy_sleep.o)
 .debug_pubnames
                0x00000422       0x1c ../count_binary_bsp/\libhal_bsp.a(alt_close.o)
 .debug_pubnames
                0x0000043e       0x2b ../count_binary_bsp/\libhal_bsp.a(alt_dcache_flush_all.o)
 .debug_pubnames
                0x00000469       0x63 ../count_binary_bsp/\libhal_bsp.a(alt_dev.o)
 .debug_pubnames
                0x000004cc       0x2b ../count_binary_bsp/\libhal_bsp.a(alt_dev_llist_insert.o)
 .debug_pubnames
                0x000004f7       0x20 ../count_binary_bsp/\libhal_bsp.a(alt_errno.o)
 .debug_pubnames
                0x00000517       0x2b ../count_binary_bsp/\libhal_bsp.a(alt_icache_flush_all.o)
 .debug_pubnames
                0x00000542       0x6e ../count_binary_bsp/\libhal_bsp.a(alt_iic.o)
 .debug_pubnames
                0x000005b0       0x2b ../count_binary_bsp/\libhal_bsp.a(alt_iic_isr_register.o)
 .debug_pubnames
                0x000005db       0x26 ../count_binary_bsp/\libhal_bsp.a(alt_io_redirect.o)
 .debug_pubnames
                0x00000601       0x32 ../count_binary_bsp/\libhal_bsp.a(alt_irq_handler.o)
 .debug_pubnames
                0x00000633       0x3b ../count_binary_bsp/\libhal_bsp.a(alt_irq_vars.o)
 .debug_pubnames
                0x0000066e       0x1b ../count_binary_bsp/\libhal_bsp.a(alt_open.o)
 .debug_pubnames
                0x00000689       0x25 ../count_binary_bsp/\libhal_bsp.a(alt_release_fd.o)
 .debug_pubnames
                0x000006ae       0x68 ../count_binary_bsp/\libhal_bsp.a(alt_tick.o)
 .debug_pubnames
                0x00000716       0x31 ../count_binary_bsp/\libhal_bsp.a(altera_nios2_qsys_irq.o)
 .debug_pubnames
                0x00000747       0x23 ../count_binary_bsp/\libhal_bsp.a(alt_find_dev.o)
 .debug_pubnames
                0x0000076a       0x24 ../count_binary_bsp/\libhal_bsp.a(alt_find_file.o)
 .debug_pubnames
                0x0000078e       0x21 ../count_binary_bsp/\libhal_bsp.a(alt_get_fd.o)
 .debug_pubnames
                0x000007af       0x27 ../count_binary_bsp/\libhal_bsp.a(alt_icache_flush.o)
 .debug_pubnames
                0x000007d6       0x1b c:/altera/13.0/nios2eds/bin/gnu/h-i686-mingw32/bin/../lib/gcc/nios2-elf/4.1.2/../../../../nios2-elf/lib/mno-hw-mul\libsmallc.a(lib_a-exit.o)
 .debug_pubnames
                0x000007f1       0x1d c:/altera/13.0/nios2eds/bin/gnu/h-i686-mingw32/bin/../lib/gcc/nios2-elf/4.1.2/../../../../nios2-elf/lib/mno-hw-mul\libsmallc.a(lib_a-memcmp.o)
 .debug_pubnames
                0x0000080e       0x27 c:/altera/13.0/nios2eds/bin/gnu/h-i686-mingw32/bin/../lib/gcc/nios2-elf/4.1.2/../../../../nios2-elf/lib/mno-hw-mul\libsmallc.a(lib_a-__call_atexit.o)
 .debug_pubnames
                0x00000835       0x1c ../count_binary_bsp/\libhal_bsp.a(alt_exit.o)

.debug_info     0x00000000     0xb9a9
 *(.debug_info .gnu.linkonce.wi.*)
 .debug_info    0x00000000       0x83 ../count_binary_bsp//obj/HAL/src/crt0.o
 .debug_info    0x00000083      0xd85 obj/default/count_binary.o
 .debug_info    0x00000e08      0x21c c:/altera/13.0/nios2eds/bin/gnu/h-i686-mingw32/bin/../lib/gcc/nios2-elf/4.1.2/mno-hw-mul\libgcc.a(lib2-divmod.o)
 .debug_info    0x00001024      0x6c8 c:/altera/13.0/nios2eds/bin/gnu/h-i686-mingw32/bin/../lib/gcc/nios2-elf/4.1.2/../../../../nios2-elf/lib/mno-hw-mul\libsmallc.a(lib_a-printf.o)
 .debug_info    0x000016ec      0x66b c:/altera/13.0/nios2eds/bin/gnu/h-i686-mingw32/bin/../lib/gcc/nios2-elf/4.1.2/../../../../nios2-elf/lib/mno-hw-mul\libsmallc.a(lib_a-putchar.o)
 .debug_info    0x00001d57      0x685 c:/altera/13.0/nios2eds/bin/gnu/h-i686-mingw32/bin/../lib/gcc/nios2-elf/4.1.2/../../../../nios2-elf/lib/mno-hw-mul\libsmallc.a(lib_a-puts.o)
 .debug_info    0x000023dc       0xc2 c:/altera/13.0/nios2eds/bin/gnu/h-i686-mingw32/bin/../lib/gcc/nios2-elf/4.1.2/../../../../nios2-elf/lib/mno-hw-mul\libsmallc.a(lib_a-strlen.o)
 .debug_info    0x0000249e      0x9b6 c:/altera/13.0/nios2eds/bin/gnu/h-i686-mingw32/bin/../lib/gcc/nios2-elf/4.1.2/../../../../nios2-elf/lib/mno-hw-mul\libsmallc.a(lib_a-vfprintf.o)
 .debug_info    0x00002e54      0x68e c:/altera/13.0/nios2eds/bin/gnu/h-i686-mingw32/bin/../lib/gcc/nios2-elf/4.1.2/../../../../nios2-elf/lib/mno-hw-mul\libsmallc.a(lib_a-fvwrite_small_dev.o)
 .debug_info    0x000034e2      0x636 c:/altera/13.0/nios2eds/bin/gnu/h-i686-mingw32/bin/../lib/gcc/nios2-elf/4.1.2/../../../../nios2-elf/lib/mno-hw-mul\libsmallc.a(lib_a-impure.o)
 .debug_info    0x00003b18      0x6b8 c:/altera/13.0/nios2eds/bin/gnu/h-i686-mingw32/bin/../lib/gcc/nios2-elf/4.1.2/../../../../nios2-elf/lib/mno-hw-mul\libsmallc.a(lib_a-putc.o)
 .debug_info    0x000041d0      0x68c c:/altera/13.0/nios2eds/bin/gnu/h-i686-mingw32/bin/../lib/gcc/nios2-elf/4.1.2/../../../../nios2-elf/lib/mno-hw-mul\libsmallc.a(lib_a-writer.o)
 .debug_info    0x0000485c       0x8c c:/altera/13.0/nios2eds/bin/gnu/h-i686-mingw32/bin/../lib/gcc/nios2-elf/4.1.2/../../../../nios2-elf/lib/mno-hw-mul\libsmallc.a(lib_a-int_errno.o)
 .debug_info    0x000048e8       0xf3 c:/altera/13.0/nios2eds/bin/gnu/h-i686-mingw32/bin/../lib/gcc/nios2-elf/4.1.2/mno-hw-mul\libgcc.a(lib2-mul.o)
 .debug_info    0x000049db      0x295 ../count_binary_bsp/\libhal_bsp.a(alt_load.o)
 .debug_info    0x00004c70      0x22d ../count_binary_bsp/\libhal_bsp.a(alt_main.o)
 .debug_info    0x00004e9d      0x170 ../count_binary_bsp/\libhal_bsp.a(alt_usleep.o)
 .debug_info    0x0000500d      0x69b ../count_binary_bsp/\libhal_bsp.a(alt_write.o)
 .debug_info    0x000056a8      0x5c9 ../count_binary_bsp/\libhal_bsp.a(alt_sys_init.o)
 .debug_info    0x00005c71      0x5c1 ../count_binary_bsp/\libhal_bsp.a(altera_avalon_jtag_uart_fd.o)
 .debug_info    0x00006232      0x311 ../count_binary_bsp/\libhal_bsp.a(altera_avalon_jtag_uart_read.o)
 .debug_info    0x00006543      0x2ee ../count_binary_bsp/\libhal_bsp.a(altera_avalon_jtag_uart_write.o)
 .debug_info    0x00006831      0x393 ../count_binary_bsp/\libhal_bsp.a(altera_avalon_timer_sc.o)
 .debug_info    0x00006bc4      0x1b3 ../count_binary_bsp/\libhal_bsp.a(alt_busy_sleep.o)
 .debug_info    0x00006d77      0x46f ../count_binary_bsp/\libhal_bsp.a(alt_close.o)
 .debug_info    0x000071e6      0x164 ../count_binary_bsp/\libhal_bsp.a(alt_dcache_flush_all.o)
 .debug_info    0x0000734a      0x687 ../count_binary_bsp/\libhal_bsp.a(alt_dev.o)
 .debug_info    0x000079d1      0x2bf ../count_binary_bsp/\libhal_bsp.a(alt_dev_llist_insert.o)
 .debug_info    0x00007c90      0x16c ../count_binary_bsp/\libhal_bsp.a(alt_errno.o)
 .debug_info    0x00007dfc      0x164 ../count_binary_bsp/\libhal_bsp.a(alt_icache_flush_all.o)
 .debug_info    0x00007f60      0x49b ../count_binary_bsp/\libhal_bsp.a(alt_iic.o)
 .debug_info    0x000083fb      0x31c ../count_binary_bsp/\libhal_bsp.a(alt_iic_isr_register.o)
 .debug_info    0x00008717      0x69d ../count_binary_bsp/\libhal_bsp.a(alt_io_redirect.o)
 .debug_info    0x00008db4       0x8c ../count_binary_bsp/\libhal_bsp.a(alt_irq_entry.o)
 .debug_info    0x00008e40      0x27d ../count_binary_bsp/\libhal_bsp.a(alt_irq_handler.o)
 .debug_info    0x000090bd      0x16f ../count_binary_bsp/\libhal_bsp.a(alt_irq_vars.o)
 .debug_info    0x0000922c      0x52d ../count_binary_bsp/\libhal_bsp.a(alt_open.o)
 .debug_info    0x00009759      0x3fa ../count_binary_bsp/\libhal_bsp.a(alt_release_fd.o)
 .debug_info    0x00009b53      0x406 ../count_binary_bsp/\libhal_bsp.a(alt_tick.o)
 .debug_info    0x00009f59      0x16b ../count_binary_bsp/\libhal_bsp.a(altera_nios2_qsys_irq.o)
 .debug_info    0x0000a0c4       0x92 ../count_binary_bsp/\libhal_bsp.a(alt_exception_entry.o)
 .debug_info    0x0000a156      0x420 ../count_binary_bsp/\libhal_bsp.a(alt_find_dev.o)
 .debug_info    0x0000a576      0x427 ../count_binary_bsp/\libhal_bsp.a(alt_find_file.o)
 .debug_info    0x0000a99d      0x468 ../count_binary_bsp/\libhal_bsp.a(alt_get_fd.o)
 .debug_info    0x0000ae05      0x1ac ../count_binary_bsp/\libhal_bsp.a(alt_icache_flush.o)
 .debug_info    0x0000afb1       0x9f c:/altera/13.0/nios2eds/bin/gnu/h-i686-mingw32/bin/../lib/gcc/nios2-elf/4.1.2/../../../../nios2-elf/lib/mno-hw-mul\libsmallc.a(lib_a-exit.o)
 .debug_info    0x0000b050       0xef c:/altera/13.0/nios2eds/bin/gnu/h-i686-mingw32/bin/../lib/gcc/nios2-elf/4.1.2/../../../../nios2-elf/lib/mno-hw-mul\libsmallc.a(lib_a-memcmp.o)
 .debug_info    0x0000b13f      0x6d5 c:/altera/13.0/nios2eds/bin/gnu/h-i686-mingw32/bin/../lib/gcc/nios2-elf/4.1.2/../../../../nios2-elf/lib/mno-hw-mul\libsmallc.a(lib_a-__call_atexit.o)
 .debug_info    0x0000b814      0x195 ../count_binary_bsp/\libhal_bsp.a(alt_exit.o)

.debug_abbrev   0x00000000     0x29b1
 *(.debug_abbrev)
 .debug_abbrev  0x00000000       0x12 ../count_binary_bsp//obj/HAL/src/crt0.o
 .debug_abbrev  0x00000012      0x1ca obj/default/count_binary.o
 .debug_abbrev  0x000001dc       0xe0 c:/altera/13.0/nios2eds/bin/gnu/h-i686-mingw32/bin/../lib/gcc/nios2-elf/4.1.2/mno-hw-mul\libgcc.a(lib2-divmod.o)
 .debug_abbrev  0x000002bc      0x179 c:/altera/13.0/nios2eds/bin/gnu/h-i686-mingw32/bin/../lib/gcc/nios2-elf/4.1.2/../../../../nios2-elf/lib/mno-hw-mul\libsmallc.a(lib_a-printf.o)
 .debug_abbrev  0x00000435      0x158 c:/altera/13.0/nios2eds/bin/gnu/h-i686-mingw32/bin/../lib/gcc/nios2-elf/4.1.2/../../../../nios2-elf/lib/mno-hw-mul\libsmallc.a(lib_a-putchar.o)
 .debug_abbrev  0x0000058d      0x180 c:/altera/13.0/nios2eds/bin/gnu/h-i686-mingw32/bin/../lib/gcc/nios2-elf/4.1.2/../../../../nios2-elf/lib/mno-hw-mul\libsmallc.a(lib_a-puts.o)
 .debug_abbrev  0x0000070d       0x7a c:/altera/13.0/nios2eds/bin/gnu/h-i686-mingw32/bin/../lib/gcc/nios2-elf/4.1.2/../../../../nios2-elf/lib/mno-hw-mul\libsmallc.a(lib_a-strlen.o)
 .debug_abbrev  0x00000787      0x263 c:/altera/13.0/nios2eds/bin/gnu/h-i686-mingw32/bin/../lib/gcc/nios2-elf/4.1.2/../../../../nios2-elf/lib/mno-hw-mul\libsmallc.a(lib_a-vfprintf.o)
 .debug_abbrev  0x000009ea      0x179 c:/altera/13.0/nios2eds/bin/gnu/h-i686-mingw32/bin/../lib/gcc/nios2-elf/4.1.2/../../../../nios2-elf/lib/mno-hw-mul\libsmallc.a(lib_a-fvwrite_small_dev.o)
 .debug_abbrev  0x00000b63      0x13f c:/altera/13.0/nios2eds/bin/gnu/h-i686-mingw32/bin/../lib/gcc/nios2-elf/4.1.2/../../../../nios2-elf/lib/mno-hw-mul\libsmallc.a(lib_a-impure.o)
 .debug_abbrev  0x00000ca2      0x167 c:/altera/13.0/nios2eds/bin/gnu/h-i686-mingw32/bin/../lib/gcc/nios2-elf/4.1.2/../../../../nios2-elf/lib/mno-hw-mul\libsmallc.a(lib_a-putc.o)
 .debug_abbrev  0x00000e09      0x16c c:/altera/13.0/nios2eds/bin/gnu/h-i686-mingw32/bin/../lib/gcc/nios2-elf/4.1.2/../../../../nios2-elf/lib/mno-hw-mul\libsmallc.a(lib_a-writer.o)
 .debug_abbrev  0x00000f75       0x3b c:/altera/13.0/nios2eds/bin/gnu/h-i686-mingw32/bin/../lib/gcc/nios2-elf/4.1.2/../../../../nios2-elf/lib/mno-hw-mul\libsmallc.a(lib_a-int_errno.o)
 .debug_abbrev  0x00000fb0       0x7b c:/altera/13.0/nios2eds/bin/gnu/h-i686-mingw32/bin/../lib/gcc/nios2-elf/4.1.2/mno-hw-mul\libgcc.a(lib2-mul.o)
 .debug_abbrev  0x0000102b       0x88 ../count_binary_bsp/\libhal_bsp.a(alt_load.o)
 .debug_abbrev  0x000010b3       0xb7 ../count_binary_bsp/\libhal_bsp.a(alt_main.o)
 .debug_abbrev  0x0000116a       0x5d ../count_binary_bsp/\libhal_bsp.a(alt_usleep.o)
 .debug_abbrev  0x000011c7      0x100 ../count_binary_bsp/\libhal_bsp.a(alt_write.o)
 .debug_abbrev  0x000012c7      0x121 ../count_binary_bsp/\libhal_bsp.a(alt_sys_init.o)
 .debug_abbrev  0x000013e8       0xcb ../count_binary_bsp/\libhal_bsp.a(altera_avalon_jtag_uart_fd.o)
 .debug_abbrev  0x000014b3       0xb6 ../count_binary_bsp/\libhal_bsp.a(altera_avalon_jtag_uart_read.o)
 .debug_abbrev  0x00001569       0xb4 ../count_binary_bsp/\libhal_bsp.a(altera_avalon_jtag_uart_write.o)
 .debug_abbrev  0x0000161d      0x137 ../count_binary_bsp/\libhal_bsp.a(altera_avalon_timer_sc.o)
 .debug_abbrev  0x00001754       0x6c ../count_binary_bsp/\libhal_bsp.a(alt_busy_sleep.o)
 .debug_abbrev  0x000017c0       0xfb ../count_binary_bsp/\libhal_bsp.a(alt_close.o)
 .debug_abbrev  0x000018bb       0x3f ../count_binary_bsp/\libhal_bsp.a(alt_dcache_flush_all.o)
 .debug_abbrev  0x000018fa       0xc7 ../count_binary_bsp/\libhal_bsp.a(alt_dev.o)
 .debug_abbrev  0x000019c1       0xf6 ../count_binary_bsp/\libhal_bsp.a(alt_dev_llist_insert.o)
 .debug_abbrev  0x00001ab7       0x5e ../count_binary_bsp/\libhal_bsp.a(alt_errno.o)
 .debug_abbrev  0x00001b15       0x3f ../count_binary_bsp/\libhal_bsp.a(alt_icache_flush_all.o)
 .debug_abbrev  0x00001b54      0x134 ../count_binary_bsp/\libhal_bsp.a(alt_iic.o)
 .debug_abbrev  0x00001c88      0x14e ../count_binary_bsp/\libhal_bsp.a(alt_iic_isr_register.o)
 .debug_abbrev  0x00001dd6       0xf0 ../count_binary_bsp/\libhal_bsp.a(alt_io_redirect.o)
 .debug_abbrev  0x00001ec6       0x12 ../count_binary_bsp/\libhal_bsp.a(alt_irq_entry.o)
 .debug_abbrev  0x00001ed8      0x10c ../count_binary_bsp/\libhal_bsp.a(alt_irq_handler.o)
 .debug_abbrev  0x00001fe4       0x44 ../count_binary_bsp/\libhal_bsp.a(alt_irq_vars.o)
 .debug_abbrev  0x00002028      0x112 ../count_binary_bsp/\libhal_bsp.a(alt_open.o)
 .debug_abbrev  0x0000213a       0xc1 ../count_binary_bsp/\libhal_bsp.a(alt_release_fd.o)
 .debug_abbrev  0x000021fb      0x150 ../count_binary_bsp/\libhal_bsp.a(alt_tick.o)
 .debug_abbrev  0x0000234b       0x3f ../count_binary_bsp/\libhal_bsp.a(altera_nios2_qsys_irq.o)
 .debug_abbrev  0x0000238a       0x12 ../count_binary_bsp/\libhal_bsp.a(alt_exception_entry.o)
 .debug_abbrev  0x0000239c       0xcf ../count_binary_bsp/\libhal_bsp.a(alt_find_dev.o)
 .debug_abbrev  0x0000246b       0xcf ../count_binary_bsp/\libhal_bsp.a(alt_find_file.o)
 .debug_abbrev  0x0000253a       0xfb ../count_binary_bsp/\libhal_bsp.a(alt_get_fd.o)
 .debug_abbrev  0x00002635       0x7a ../count_binary_bsp/\libhal_bsp.a(alt_icache_flush.o)
 .debug_abbrev  0x000026af       0x4e c:/altera/13.0/nios2eds/bin/gnu/h-i686-mingw32/bin/../lib/gcc/nios2-elf/4.1.2/../../../../nios2-elf/lib/mno-hw-mul\libsmallc.a(lib_a-exit.o)
 .debug_abbrev  0x000026fd       0x7c c:/altera/13.0/nios2eds/bin/gnu/h-i686-mingw32/bin/../lib/gcc/nios2-elf/4.1.2/../../../../nios2-elf/lib/mno-hw-mul\libsmallc.a(lib_a-memcmp.o)
 .debug_abbrev  0x00002779      0x1c6 c:/altera/13.0/nios2eds/bin/gnu/h-i686-mingw32/bin/../lib/gcc/nios2-elf/4.1.2/../../../../nios2-elf/lib/mno-hw-mul\libsmallc.a(lib_a-__call_atexit.o)
 .debug_abbrev  0x0000293f       0x72 ../count_binary_bsp/\libhal_bsp.a(alt_exit.o)

.debug_line     0x00000000     0x7154
 *(.debug_line)
 .debug_line    0x00000000       0x6c ../count_binary_bsp//obj/HAL/src/crt0.o
 .debug_line    0x0000006c      0x43f obj/default/count_binary.o
 .debug_line    0x000004ab      0x24f c:/altera/13.0/nios2eds/bin/gnu/h-i686-mingw32/bin/../lib/gcc/nios2-elf/4.1.2/mno-hw-mul\libgcc.a(lib2-divmod.o)
 .debug_line    0x000006fa      0x2b8 c:/altera/13.0/nios2eds/bin/gnu/h-i686-mingw32/bin/../lib/gcc/nios2-elf/4.1.2/../../../../nios2-elf/lib/mno-hw-mul\libsmallc.a(lib_a-printf.o)
 .debug_line    0x000009b2      0x261 c:/altera/13.0/nios2eds/bin/gnu/h-i686-mingw32/bin/../lib/gcc/nios2-elf/4.1.2/../../../../nios2-elf/lib/mno-hw-mul\libsmallc.a(lib_a-putchar.o)
 .debug_line    0x00000c13      0x2ac c:/altera/13.0/nios2eds/bin/gnu/h-i686-mingw32/bin/../lib/gcc/nios2-elf/4.1.2/../../../../nios2-elf/lib/mno-hw-mul\libsmallc.a(lib_a-puts.o)
 .debug_line    0x00000ebf      0x247 c:/altera/13.0/nios2eds/bin/gnu/h-i686-mingw32/bin/../lib/gcc/nios2-elf/4.1.2/../../../../nios2-elf/lib/mno-hw-mul\libsmallc.a(lib_a-strlen.o)
 .debug_line    0x00001106      0x660 c:/altera/13.0/nios2eds/bin/gnu/h-i686-mingw32/bin/../lib/gcc/nios2-elf/4.1.2/../../../../nios2-elf/lib/mno-hw-mul\libsmallc.a(lib_a-vfprintf.o)
 .debug_line    0x00001766      0x2a3 c:/altera/13.0/nios2eds/bin/gnu/h-i686-mingw32/bin/../lib/gcc/nios2-elf/4.1.2/../../../../nios2-elf/lib/mno-hw-mul\libsmallc.a(lib_a-fvwrite_small_dev.o)
 .debug_line    0x00001a09      0x227 c:/altera/13.0/nios2eds/bin/gnu/h-i686-mingw32/bin/../lib/gcc/nios2-elf/4.1.2/../../../../nios2-elf/lib/mno-hw-mul\libsmallc.a(lib_a-impure.o)
 .debug_line    0x00001c30      0x2cc c:/altera/13.0/nios2eds/bin/gnu/h-i686-mingw32/bin/../lib/gcc/nios2-elf/4.1.2/../../../../nios2-elf/lib/mno-hw-mul\libsmallc.a(lib_a-putc.o)
 .debug_line    0x00001efc      0x294 c:/altera/13.0/nios2eds/bin/gnu/h-i686-mingw32/bin/../lib/gcc/nios2-elf/4.1.2/../../../../nios2-elf/lib/mno-hw-mul\libsmallc.a(lib_a-writer.o)
 .debug_line    0x00002190      0x1dc c:/altera/13.0/nios2eds/bin/gnu/h-i686-mingw32/bin/../lib/gcc/nios2-elf/4.1.2/../../../../nios2-elf/lib/mno-hw-mul\libsmallc.a(lib_a-int_errno.o)
 .debug_line    0x0000236c      0x11a c:/altera/13.0/nios2eds/bin/gnu/h-i686-mingw32/bin/../lib/gcc/nios2-elf/4.1.2/mno-hw-mul\libgcc.a(lib2-mul.o)
 .debug_line    0x00002486      0x211 ../count_binary_bsp/\libhal_bsp.a(alt_load.o)
 .debug_line    0x00002697      0x2b4 ../count_binary_bsp/\libhal_bsp.a(alt_main.o)
 .debug_line    0x0000294b      0x1f9 ../count_binary_bsp/\libhal_bsp.a(alt_usleep.o)
 .debug_line    0x00002b44      0x2c3 ../count_binary_bsp/\libhal_bsp.a(alt_write.o)
 .debug_line    0x00002e07      0x2c1 ../count_binary_bsp/\libhal_bsp.a(alt_sys_init.o)
 .debug_line    0x000030c8      0x1d4 ../count_binary_bsp/\libhal_bsp.a(altera_avalon_jtag_uart_fd.o)
 .debug_line    0x0000329c      0x33d ../count_binary_bsp/\libhal_bsp.a(altera_avalon_jtag_uart_read.o)
 .debug_line    0x000035d9      0x2fe ../count_binary_bsp/\libhal_bsp.a(altera_avalon_jtag_uart_write.o)
 .debug_line    0x000038d7      0x2ad ../count_binary_bsp/\libhal_bsp.a(altera_avalon_timer_sc.o)
 .debug_line    0x00003b84      0x253 ../count_binary_bsp/\libhal_bsp.a(alt_busy_sleep.o)
 .debug_line    0x00003dd7      0x293 ../count_binary_bsp/\libhal_bsp.a(alt_close.o)
 .debug_line    0x0000406a      0x1af ../count_binary_bsp/\libhal_bsp.a(alt_dcache_flush_all.o)
 .debug_line    0x00004219      0x24e ../count_binary_bsp/\libhal_bsp.a(alt_dev.o)
 .debug_line    0x00004467      0x254 ../count_binary_bsp/\libhal_bsp.a(alt_dev_llist_insert.o)
 .debug_line    0x000046bb      0x1a4 ../count_binary_bsp/\libhal_bsp.a(alt_errno.o)
 .debug_line    0x0000485f      0x1b7 ../count_binary_bsp/\libhal_bsp.a(alt_icache_flush_all.o)
 .debug_line    0x00004a16      0x2c2 ../count_binary_bsp/\libhal_bsp.a(alt_iic.o)
 .debug_line    0x00004cd8      0x243 ../count_binary_bsp/\libhal_bsp.a(alt_iic_isr_register.o)
 .debug_line    0x00004f1b      0x2ae ../count_binary_bsp/\libhal_bsp.a(alt_io_redirect.o)
 .debug_line    0x000051c9       0x6b ../count_binary_bsp/\libhal_bsp.a(alt_irq_entry.o)
 .debug_line    0x00005234      0x242 ../count_binary_bsp/\libhal_bsp.a(alt_irq_handler.o)
 .debug_line    0x00005476       0x72 ../count_binary_bsp/\libhal_bsp.a(alt_irq_vars.o)
 .debug_line    0x000054e8      0x2f9 ../count_binary_bsp/\libhal_bsp.a(alt_open.o)
 .debug_line    0x000057e1       0xed ../count_binary_bsp/\libhal_bsp.a(alt_release_fd.o)
 .debug_line    0x000058ce      0x2d6 ../count_binary_bsp/\libhal_bsp.a(alt_tick.o)
 .debug_line    0x00005ba4      0x1c8 ../count_binary_bsp/\libhal_bsp.a(altera_nios2_qsys_irq.o)
 .debug_line    0x00005d6c       0xab ../count_binary_bsp/\libhal_bsp.a(alt_exception_entry.o)
 .debug_line    0x00005e17      0x265 ../count_binary_bsp/\libhal_bsp.a(alt_find_dev.o)
 .debug_line    0x0000607c      0x276 ../count_binary_bsp/\libhal_bsp.a(alt_find_file.o)
 .debug_line    0x000062f2      0x291 ../count_binary_bsp/\libhal_bsp.a(alt_get_fd.o)
 .debug_line    0x00006583      0x1f3 ../count_binary_bsp/\libhal_bsp.a(alt_icache_flush.o)
 .debug_line    0x00006776      0x21d c:/altera/13.0/nios2eds/bin/gnu/h-i686-mingw32/bin/../lib/gcc/nios2-elf/4.1.2/../../../../nios2-elf/lib/mno-hw-mul\libsmallc.a(lib_a-exit.o)
 .debug_line    0x00006993      0x267 c:/altera/13.0/nios2eds/bin/gnu/h-i686-mingw32/bin/../lib/gcc/nios2-elf/4.1.2/../../../../nios2-elf/lib/mno-hw-mul\libsmallc.a(lib_a-memcmp.o)
 .debug_line    0x00006bfa      0x35a c:/altera/13.0/nios2eds/bin/gnu/h-i686-mingw32/bin/../lib/gcc/nios2-elf/4.1.2/../../../../nios2-elf/lib/mno-hw-mul\libsmallc.a(lib_a-__call_atexit.o)
 .debug_line    0x00006f54      0x200 ../count_binary_bsp/\libhal_bsp.a(alt_exit.o)

.debug_frame    0x00000000      0xa8c
 *(.debug_frame)
 .debug_frame   0x00000000       0xf0 obj/default/count_binary.o
 .debug_frame   0x000000f0       0x70 c:/altera/13.0/nios2eds/bin/gnu/h-i686-mingw32/bin/../lib/gcc/nios2-elf/4.1.2/mno-hw-mul\libgcc.a(lib2-divmod.o)
 .debug_frame   0x00000160       0x40 c:/altera/13.0/nios2eds/bin/gnu/h-i686-mingw32/bin/../lib/gcc/nios2-elf/4.1.2/../../../../nios2-elf/lib/mno-hw-mul\libsmallc.a(lib_a-printf.o)
 .debug_frame   0x000001a0       0x30 c:/altera/13.0/nios2eds/bin/gnu/h-i686-mingw32/bin/../lib/gcc/nios2-elf/4.1.2/../../../../nios2-elf/lib/mno-hw-mul\libsmallc.a(lib_a-putchar.o)
 .debug_frame   0x000001d0       0x3c c:/altera/13.0/nios2eds/bin/gnu/h-i686-mingw32/bin/../lib/gcc/nios2-elf/4.1.2/../../../../nios2-elf/lib/mno-hw-mul\libsmallc.a(lib_a-puts.o)
 .debug_frame   0x0000020c       0x20 c:/altera/13.0/nios2eds/bin/gnu/h-i686-mingw32/bin/../lib/gcc/nios2-elf/4.1.2/../../../../nios2-elf/lib/mno-hw-mul\libsmallc.a(lib_a-strlen.o)
 .debug_frame   0x0000022c       0x64 c:/altera/13.0/nios2eds/bin/gnu/h-i686-mingw32/bin/../lib/gcc/nios2-elf/4.1.2/../../../../nios2-elf/lib/mno-hw-mul\libsmallc.a(lib_a-vfprintf.o)
 .debug_frame   0x00000290       0x30 c:/altera/13.0/nios2eds/bin/gnu/h-i686-mingw32/bin/../lib/gcc/nios2-elf/4.1.2/../../../../nios2-elf/lib/mno-hw-mul\libsmallc.a(lib_a-fvwrite_small_dev.o)
 .debug_frame   0x000002c0       0x48 c:/altera/13.0/nios2eds/bin/gnu/h-i686-mingw32/bin/../lib/gcc/nios2-elf/4.1.2/../../../../nios2-elf/lib/mno-hw-mul\libsmallc.a(lib_a-putc.o)
 .debug_frame   0x00000308       0x2c c:/altera/13.0/nios2eds/bin/gnu/h-i686-mingw32/bin/../lib/gcc/nios2-elf/4.1.2/../../../../nios2-elf/lib/mno-hw-mul\libsmallc.a(lib_a-writer.o)
 .debug_frame   0x00000334       0x20 c:/altera/13.0/nios2eds/bin/gnu/h-i686-mingw32/bin/../lib/gcc/nios2-elf/4.1.2/mno-hw-mul\libgcc.a(lib2-mul.o)
 .debug_frame   0x00000354       0x48 ../count_binary_bsp/\libhal_bsp.a(alt_load.o)
 .debug_frame   0x0000039c       0x2c ../count_binary_bsp/\libhal_bsp.a(alt_main.o)
 .debug_frame   0x000003c8       0x2c ../count_binary_bsp/\libhal_bsp.a(alt_usleep.o)
 .debug_frame   0x000003f4       0x48 ../count_binary_bsp/\libhal_bsp.a(alt_write.o)
 .debug_frame   0x0000043c       0x64 ../count_binary_bsp/\libhal_bsp.a(alt_sys_init.o)
 .debug_frame   0x000004a0       0x48 ../count_binary_bsp/\libhal_bsp.a(altera_avalon_jtag_uart_fd.o)
 .debug_frame   0x000004e8       0x2c ../count_binary_bsp/\libhal_bsp.a(altera_avalon_jtag_uart_read.o)
 .debug_frame   0x00000514       0x2c ../count_binary_bsp/\libhal_bsp.a(altera_avalon_jtag_uart_write.o)
 .debug_frame   0x00000540       0x48 ../count_binary_bsp/\libhal_bsp.a(altera_avalon_timer_sc.o)
 .debug_frame   0x00000588       0x2c ../count_binary_bsp/\libhal_bsp.a(alt_busy_sleep.o)
 .debug_frame   0x000005b4       0x48 ../count_binary_bsp/\libhal_bsp.a(alt_close.o)
 .debug_frame   0x000005fc       0x2c ../count_binary_bsp/\libhal_bsp.a(alt_dcache_flush_all.o)
 .debug_frame   0x00000628       0x2c ../count_binary_bsp/\libhal_bsp.a(alt_dev.o)
 .debug_frame   0x00000654       0x48 ../count_binary_bsp/\libhal_bsp.a(alt_dev_llist_insert.o)
 .debug_frame   0x0000069c       0x2c ../count_binary_bsp/\libhal_bsp.a(alt_icache_flush_all.o)
 .debug_frame   0x000006c8       0x80 ../count_binary_bsp/\libhal_bsp.a(alt_iic.o)
 .debug_frame   0x00000748       0x2c ../count_binary_bsp/\libhal_bsp.a(alt_iic_isr_register.o)
 .debug_frame   0x00000774       0x4c ../count_binary_bsp/\libhal_bsp.a(alt_io_redirect.o)
 .debug_frame   0x000007c0       0x2c ../count_binary_bsp/\libhal_bsp.a(alt_irq_handler.o)
 .debug_frame   0x000007ec       0x68 ../count_binary_bsp/\libhal_bsp.a(alt_open.o)
 .debug_frame   0x00000854       0x30 ../count_binary_bsp/\libhal_bsp.a(alt_release_fd.o)
 .debug_frame   0x00000884       0x48 ../count_binary_bsp/\libhal_bsp.a(alt_tick.o)
 .debug_frame   0x000008cc       0x2c ../count_binary_bsp/\libhal_bsp.a(altera_nios2_qsys_irq.o)
 .debug_frame   0x000008f8       0x2c ../count_binary_bsp/\libhal_bsp.a(alt_find_dev.o)
 .debug_frame   0x00000924       0x2c ../count_binary_bsp/\libhal_bsp.a(alt_find_file.o)
 .debug_frame   0x00000950       0x30 ../count_binary_bsp/\libhal_bsp.a(alt_get_fd.o)
 .debug_frame   0x00000980       0x2c ../count_binary_bsp/\libhal_bsp.a(alt_icache_flush.o)
 .debug_frame   0x000009ac       0x2c c:/altera/13.0/nios2eds/bin/gnu/h-i686-mingw32/bin/../lib/gcc/nios2-elf/4.1.2/../../../../nios2-elf/lib/mno-hw-mul\libsmallc.a(lib_a-exit.o)
 .debug_frame   0x000009d8       0x20 c:/altera/13.0/nios2eds/bin/gnu/h-i686-mingw32/bin/../lib/gcc/nios2-elf/4.1.2/../../../../nios2-elf/lib/mno-hw-mul\libsmallc.a(lib_a-memcmp.o)
 .debug_frame   0x000009f8       0x4c c:/altera/13.0/nios2eds/bin/gnu/h-i686-mingw32/bin/../lib/gcc/nios2-elf/4.1.2/../../../../nios2-elf/lib/mno-hw-mul\libsmallc.a(lib_a-__call_atexit.o)
 .debug_frame   0x00000a44       0x48 ../count_binary_bsp/\libhal_bsp.a(alt_exit.o)

.debug_str      0x00000000      0xe29
 *(.debug_str)
 .debug_str     0x00000000       0x20 obj/default/count_binary.o
 .debug_str     0x00000020      0x164 c:/altera/13.0/nios2eds/bin/gnu/h-i686-mingw32/bin/../lib/gcc/nios2-elf/4.1.2/mno-hw-mul\libgcc.a(lib2-divmod.o)
                                0x1b1 (size before relaxing)
 .debug_str     0x00000184      0x3a7 c:/altera/13.0/nios2eds/bin/gnu/h-i686-mingw32/bin/../lib/gcc/nios2-elf/4.1.2/../../../../nios2-elf/lib/mno-hw-mul\libsmallc.a(lib_a-printf.o)
                                0x463 (size before relaxing)
 .debug_str     0x0000052b       0x51 c:/altera/13.0/nios2eds/bin/gnu/h-i686-mingw32/bin/../lib/gcc/nios2-elf/4.1.2/../../../../nios2-elf/lib/mno-hw-mul\libsmallc.a(lib_a-putchar.o)
                                0x44f (size before relaxing)
 .debug_str     0x0000057c       0x48 c:/altera/13.0/nios2eds/bin/gnu/h-i686-mingw32/bin/../lib/gcc/nios2-elf/4.1.2/../../../../nios2-elf/lib/mno-hw-mul\libsmallc.a(lib_a-puts.o)
                                0x44d (size before relaxing)
 .debug_str     0x000005c4       0xdf c:/altera/13.0/nios2eds/bin/gnu/h-i686-mingw32/bin/../lib/gcc/nios2-elf/4.1.2/../../../../nios2-elf/lib/mno-hw-mul\libsmallc.a(lib_a-strlen.o)
                                0x181 (size before relaxing)
 .debug_str     0x000006a3      0x168 c:/altera/13.0/nios2eds/bin/gnu/h-i686-mingw32/bin/../lib/gcc/nios2-elf/4.1.2/../../../../nios2-elf/lib/mno-hw-mul\libsmallc.a(lib_a-vfprintf.o)
                                0x5ac (size before relaxing)
 .debug_str     0x0000080b       0x70 c:/altera/13.0/nios2eds/bin/gnu/h-i686-mingw32/bin/../lib/gcc/nios2-elf/4.1.2/../../../../nios2-elf/lib/mno-hw-mul\libsmallc.a(lib_a-fvwrite_small_dev.o)
                                0x467 (size before relaxing)
 .debug_str     0x0000087b       0xf5 c:/altera/13.0/nios2eds/bin/gnu/h-i686-mingw32/bin/../lib/gcc/nios2-elf/4.1.2/../../../../nios2-elf/lib/mno-hw-mul\libsmallc.a(lib_a-impure.o)
                                0x45a (size before relaxing)
 .debug_str     0x00000970       0x4f c:/altera/13.0/nios2eds/bin/gnu/h-i686-mingw32/bin/../lib/gcc/nios2-elf/4.1.2/../../../../nios2-elf/lib/mno-hw-mul\libsmallc.a(lib_a-putc.o)
                                0x452 (size before relaxing)
 .debug_str     0x000009bf       0x4f c:/altera/13.0/nios2eds/bin/gnu/h-i686-mingw32/bin/../lib/gcc/nios2-elf/4.1.2/../../../../nios2-elf/lib/mno-hw-mul\libsmallc.a(lib_a-writer.o)
                                0x44e (size before relaxing)
 .debug_str     0x00000a0e       0x40 c:/altera/13.0/nios2eds/bin/gnu/h-i686-mingw32/bin/../lib/gcc/nios2-elf/4.1.2/../../../../nios2-elf/lib/mno-hw-mul\libsmallc.a(lib_a-int_errno.o)
                                0x174 (size before relaxing)
 .debug_str     0x00000a4e       0x37 c:/altera/13.0/nios2eds/bin/gnu/h-i686-mingw32/bin/../lib/gcc/nios2-elf/4.1.2/mno-hw-mul\libgcc.a(lib2-mul.o)
                                0x172 (size before relaxing)
 .debug_str     0x00000a85       0x12 ../count_binary_bsp/\libhal_bsp.a(alt_load.o)
 .debug_str     0x00000a97       0x12 ../count_binary_bsp/\libhal_bsp.a(alt_main.o)
 .debug_str     0x00000aa9       0x12 ../count_binary_bsp/\libhal_bsp.a(alt_usleep.o)
 .debug_str     0x00000abb       0x12 ../count_binary_bsp/\libhal_bsp.a(alt_write.o)
 .debug_str     0x00000acd       0x12 ../count_binary_bsp/\libhal_bsp.a(alt_sys_init.o)
 .debug_str     0x00000adf       0x12 ../count_binary_bsp/\libhal_bsp.a(altera_avalon_jtag_uart_read.o)
 .debug_str     0x00000af1       0x12 ../count_binary_bsp/\libhal_bsp.a(altera_avalon_jtag_uart_write.o)
 .debug_str     0x00000b03       0x12 ../count_binary_bsp/\libhal_bsp.a(altera_avalon_timer_sc.o)
 .debug_str     0x00000b15       0x12 ../count_binary_bsp/\libhal_bsp.a(alt_busy_sleep.o)
 .debug_str     0x00000b27       0x12 ../count_binary_bsp/\libhal_bsp.a(alt_close.o)
 .debug_str     0x00000b39       0x12 ../count_binary_bsp/\libhal_bsp.a(alt_dcache_flush_all.o)
 .debug_str     0x00000b4b       0x12 ../count_binary_bsp/\libhal_bsp.a(alt_dev.o)
 .debug_str     0x00000b5d       0x12 ../count_binary_bsp/\libhal_bsp.a(alt_dev_llist_insert.o)
 .debug_str     0x00000b6f       0x12 ../count_binary_bsp/\libhal_bsp.a(alt_errno.o)
 .debug_str     0x00000b81       0x12 ../count_binary_bsp/\libhal_bsp.a(alt_icache_flush_all.o)
 .debug_str     0x00000b93       0x18 ../count_binary_bsp/\libhal_bsp.a(alt_iic.o)
 .debug_str     0x00000bab       0x1a ../count_binary_bsp/\libhal_bsp.a(alt_iic_isr_register.o)
 .debug_str     0x00000bc5       0x12 ../count_binary_bsp/\libhal_bsp.a(alt_io_redirect.o)
 .debug_str     0x00000bd7       0x12 ../count_binary_bsp/\libhal_bsp.a(alt_irq_handler.o)
 .debug_str     0x00000be9       0x12 ../count_binary_bsp/\libhal_bsp.a(alt_open.o)
 .debug_str     0x00000bfb       0x1a ../count_binary_bsp/\libhal_bsp.a(alt_tick.o)
 .debug_str     0x00000c15       0x12 ../count_binary_bsp/\libhal_bsp.a(altera_nios2_qsys_irq.o)
 .debug_str     0x00000c27       0x12 ../count_binary_bsp/\libhal_bsp.a(alt_find_dev.o)
 .debug_str     0x00000c39       0x12 ../count_binary_bsp/\libhal_bsp.a(alt_find_file.o)
 .debug_str     0x00000c4b       0x12 ../count_binary_bsp/\libhal_bsp.a(alt_get_fd.o)
 .debug_str     0x00000c5d       0x12 ../count_binary_bsp/\libhal_bsp.a(alt_icache_flush.o)
 .debug_str     0x00000c6f       0xdb c:/altera/13.0/nios2eds/bin/gnu/h-i686-mingw32/bin/../lib/gcc/nios2-elf/4.1.2/../../../../nios2-elf/lib/mno-hw-mul\libsmallc.a(lib_a-exit.o)
                                0x175 (size before relaxing)
 .debug_str     0x00000d4a       0x45 c:/altera/13.0/nios2eds/bin/gnu/h-i686-mingw32/bin/../lib/gcc/nios2-elf/4.1.2/../../../../nios2-elf/lib/mno-hw-mul\libsmallc.a(lib_a-memcmp.o)
                                0x17b (size before relaxing)
 .debug_str     0x00000d8f       0x7e c:/altera/13.0/nios2eds/bin/gnu/h-i686-mingw32/bin/../lib/gcc/nios2-elf/4.1.2/../../../../nios2-elf/lib/mno-hw-mul\libsmallc.a(lib_a-__call_atexit.o)
                                0x48e (size before relaxing)
 .debug_str     0x00000e0d       0x1c ../count_binary_bsp/\libhal_bsp.a(alt_exit.o)

.debug_loc      0x00000000     0x1a21
 *(.debug_loc)
 .debug_loc     0x00000000      0x158 obj/default/count_binary.o
 .debug_loc     0x00000158      0x1d2 c:/altera/13.0/nios2eds/bin/gnu/h-i686-mingw32/bin/../lib/gcc/nios2-elf/4.1.2/mno-hw-mul\libgcc.a(lib2-divmod.o)
 .debug_loc     0x0000032a       0x8d c:/altera/13.0/nios2eds/bin/gnu/h-i686-mingw32/bin/../lib/gcc/nios2-elf/4.1.2/../../../../nios2-elf/lib/mno-hw-mul\libsmallc.a(lib_a-printf.o)
 .debug_loc     0x000003b7       0x44 c:/altera/13.0/nios2eds/bin/gnu/h-i686-mingw32/bin/../lib/gcc/nios2-elf/4.1.2/../../../../nios2-elf/lib/mno-hw-mul\libsmallc.a(lib_a-putchar.o)
 .debug_loc     0x000003fb       0xa2 c:/altera/13.0/nios2eds/bin/gnu/h-i686-mingw32/bin/../lib/gcc/nios2-elf/4.1.2/../../../../nios2-elf/lib/mno-hw-mul\libsmallc.a(lib_a-puts.o)
 .debug_loc     0x0000049d       0x1e c:/altera/13.0/nios2eds/bin/gnu/h-i686-mingw32/bin/../lib/gcc/nios2-elf/4.1.2/../../../../nios2-elf/lib/mno-hw-mul\libsmallc.a(lib_a-strlen.o)
 .debug_loc     0x000004bb      0x878 c:/altera/13.0/nios2eds/bin/gnu/h-i686-mingw32/bin/../lib/gcc/nios2-elf/4.1.2/../../../../nios2-elf/lib/mno-hw-mul\libsmallc.a(lib_a-vfprintf.o)
 .debug_loc     0x00000d33      0x162 c:/altera/13.0/nios2eds/bin/gnu/h-i686-mingw32/bin/../lib/gcc/nios2-elf/4.1.2/../../../../nios2-elf/lib/mno-hw-mul\libsmallc.a(lib_a-fvwrite_small_dev.o)
 .debug_loc     0x00000e95       0xd4 c:/altera/13.0/nios2eds/bin/gnu/h-i686-mingw32/bin/../lib/gcc/nios2-elf/4.1.2/../../../../nios2-elf/lib/mno-hw-mul\libsmallc.a(lib_a-putc.o)
 .debug_loc     0x00000f69       0x97 c:/altera/13.0/nios2eds/bin/gnu/h-i686-mingw32/bin/../lib/gcc/nios2-elf/4.1.2/../../../../nios2-elf/lib/mno-hw-mul\libsmallc.a(lib_a-writer.o)
 .debug_loc     0x00001000       0x4f c:/altera/13.0/nios2eds/bin/gnu/h-i686-mingw32/bin/../lib/gcc/nios2-elf/4.1.2/mno-hw-mul\libgcc.a(lib2-mul.o)
 .debug_loc     0x0000104f       0x56 ../count_binary_bsp/\libhal_bsp.a(alt_load.o)
 .debug_loc     0x000010a5       0x2b ../count_binary_bsp/\libhal_bsp.a(alt_main.o)
 .debug_loc     0x000010d0       0x2b ../count_binary_bsp/\libhal_bsp.a(alt_usleep.o)
 .debug_loc     0x000010fb       0x56 ../count_binary_bsp/\libhal_bsp.a(alt_write.o)
 .debug_loc     0x00001151       0x81 ../count_binary_bsp/\libhal_bsp.a(alt_sys_init.o)
 .debug_loc     0x000011d2       0x56 ../count_binary_bsp/\libhal_bsp.a(altera_avalon_jtag_uart_fd.o)
 .debug_loc     0x00001228       0x2b ../count_binary_bsp/\libhal_bsp.a(altera_avalon_jtag_uart_read.o)
 .debug_loc     0x00001253       0x2b ../count_binary_bsp/\libhal_bsp.a(altera_avalon_jtag_uart_write.o)
 .debug_loc     0x0000127e       0x56 ../count_binary_bsp/\libhal_bsp.a(altera_avalon_timer_sc.o)
 .debug_loc     0x000012d4       0x2b ../count_binary_bsp/\libhal_bsp.a(alt_busy_sleep.o)
 .debug_loc     0x000012ff       0x56 ../count_binary_bsp/\libhal_bsp.a(alt_close.o)
 .debug_loc     0x00001355       0x2b ../count_binary_bsp/\libhal_bsp.a(alt_dcache_flush_all.o)
 .debug_loc     0x00001380       0x2b ../count_binary_bsp/\libhal_bsp.a(alt_dev.o)
 .debug_loc     0x000013ab       0x56 ../count_binary_bsp/\libhal_bsp.a(alt_dev_llist_insert.o)
 .debug_loc     0x00001401       0x2b ../count_binary_bsp/\libhal_bsp.a(alt_icache_flush_all.o)
 .debug_loc     0x0000142c       0xac ../count_binary_bsp/\libhal_bsp.a(alt_iic.o)
 .debug_loc     0x000014d8       0x2b ../count_binary_bsp/\libhal_bsp.a(alt_iic_isr_register.o)
 .debug_loc     0x00001503       0x56 ../count_binary_bsp/\libhal_bsp.a(alt_io_redirect.o)
 .debug_loc     0x00001559       0x2b ../count_binary_bsp/\libhal_bsp.a(alt_irq_handler.o)
 .debug_loc     0x00001584       0x81 ../count_binary_bsp/\libhal_bsp.a(alt_open.o)
 .debug_loc     0x00001605       0x2b ../count_binary_bsp/\libhal_bsp.a(alt_release_fd.o)
 .debug_loc     0x00001630       0x56 ../count_binary_bsp/\libhal_bsp.a(alt_tick.o)
 .debug_loc     0x00001686       0x2b ../count_binary_bsp/\libhal_bsp.a(altera_nios2_qsys_irq.o)
 .debug_loc     0x000016b1       0x2b ../count_binary_bsp/\libhal_bsp.a(alt_find_dev.o)
 .debug_loc     0x000016dc       0x2b ../count_binary_bsp/\libhal_bsp.a(alt_find_file.o)
 .debug_loc     0x00001707       0x2b ../count_binary_bsp/\libhal_bsp.a(alt_get_fd.o)
 .debug_loc     0x00001732       0x2b ../count_binary_bsp/\libhal_bsp.a(alt_icache_flush.o)
 .debug_loc     0x0000175d       0x3d c:/altera/13.0/nios2eds/bin/gnu/h-i686-mingw32/bin/../lib/gcc/nios2-elf/4.1.2/../../../../nios2-elf/lib/mno-hw-mul\libsmallc.a(lib_a-exit.o)
 .debug_loc     0x0000179a       0x70 c:/altera/13.0/nios2eds/bin/gnu/h-i686-mingw32/bin/../lib/gcc/nios2-elf/4.1.2/../../../../nios2-elf/lib/mno-hw-mul\libsmallc.a(lib_a-memcmp.o)
 .debug_loc     0x0000180a      0x1c1 c:/altera/13.0/nios2eds/bin/gnu/h-i686-mingw32/bin/../lib/gcc/nios2-elf/4.1.2/../../../../nios2-elf/lib/mno-hw-mul\libsmallc.a(lib_a-__call_atexit.o)
 .debug_loc     0x000019cb       0x56 ../count_binary_bsp/\libhal_bsp.a(alt_exit.o)

.debug_macinfo
 *(.debug_macinfo)

.debug_weaknames
 *(.debug_weaknames)

.debug_funcnames
 *(.debug_funcnames)

.debug_typenames
 *(.debug_typenames)

.debug_varnames
 *(.debug_varnames)

.debug_alt_sim_info
                0x00000000       0x50
 *(.debug_alt_sim_info)
 .debug_alt_sim_info
                0x00000000       0x20 ../count_binary_bsp//obj/HAL/src/crt0.o
 .debug_alt_sim_info
                0x00000020       0x30 ../count_binary_bsp/\libhal_bsp.a(alt_busy_sleep.o)
                0x0101c000                __alt_data_end = 0x101c000
                0x0101c000                PROVIDE (__alt_stack_pointer, __alt_data_end)
                0x01013248                PROVIDE (__alt_stack_limit, __alt_stack_base)
                0x01013248                PROVIDE (__alt_heap_start, end)
                0x0101c000                PROVIDE (__alt_heap_limit, 0x101c000)
OUTPUT(count_binary.elf elf32-littlenios2)

.debug_ranges   0x00000000      0x1d0
 .debug_ranges  0x00000000       0x20 ../count_binary_bsp//obj/HAL/src/crt0.o
 .debug_ranges  0x00000020      0x140 c:/altera/13.0/nios2eds/bin/gnu/h-i686-mingw32/bin/../lib/gcc/nios2-elf/4.1.2/../../../../nios2-elf/lib/mno-hw-mul\libsmallc.a(lib_a-vfprintf.o)
 .debug_ranges  0x00000160       0x28 ../count_binary_bsp/\libhal_bsp.a(alt_irq_entry.o)
 .debug_ranges  0x00000188       0x30 ../count_binary_bsp/\libhal_bsp.a(alt_exception_entry.o)
 .debug_ranges  0x000001b8       0x18 c:/altera/13.0/nios2eds/bin/gnu/h-i686-mingw32/bin/../lib/gcc/nios2-elf/4.1.2/../../../../nios2-elf/lib/mno-hw-mul\libsmallc.a(lib_a-__call_atexit.o)
